<!doctype html public "-//w3c//dtd html 4.0 transitional//en">
<html><head>
<title>Static Call Graph - [.\TR9_V400\M9C19A220811G.axf]</title></head>
<body><HR>
<H1>Static Call Graph for image .\TR9_V400\M9C19A220811G.axf</H1><HR>
<BR><P>#&#060CALLGRAPH&#062# ARM Linker, 5060960: Last Updated: Fri Aug 26 17:14:18 2022
<BR><P>
<H3>Maximum Stack Usage =       7024 bytes + Unknown(Cycles, Untraceable Function Pointers)</H3><H3>
Call chain for Maximum Stack Depth:</H3>
main &rArr; init_mid_cfg &rArr; system_config &rArr; ex_flash_init &rArr; sms_data_flash_init &rArr; flash25_program_auto_save &rArr; spi_flash_write &rArr; SPI_FLASH_PageWrite &rArr; SPI_FLASH_WriteEnable &rArr; SPI_FLASH_SendByte
<P>
<H3>
Mutually Recursive functions
</H3> <LI><a href="#[49]">ADC1_2_IRQHandler</a>&nbsp;&nbsp;&nbsp;&rArr;&nbsp;&nbsp;&nbsp;<a href="#[49]">ADC1_2_IRQHandler</a><BR>
 <LI><a href="#[31]">BusFault_Handler</a>&nbsp;&nbsp;&nbsp;&rArr;&nbsp;&nbsp;&nbsp;<a href="#[31]">BusFault_Handler</a><BR>
 <LI><a href="#[2f]">HardFault_Handler</a>&nbsp;&nbsp;&nbsp;&rArr;&nbsp;&nbsp;&nbsp;<a href="#[2f]">HardFault_Handler</a><BR>
 <LI><a href="#[30]">MemManage_Handler</a>&nbsp;&nbsp;&nbsp;&rArr;&nbsp;&nbsp;&nbsp;<a href="#[30]">MemManage_Handler</a><BR>
 <LI><a href="#[32]">UsageFault_Handler</a>&nbsp;&nbsp;&nbsp;&rArr;&nbsp;&nbsp;&nbsp;<a href="#[32]">UsageFault_Handler</a><BR>
</UL>
<P>
<H3>
Function Pointers
</H3><UL>
 <LI><a href="#[49]">ADC1_2_IRQHandler</a> from startup_stm32f10x_cl.o(.text) referenced from startup_stm32f10x_cl.o(RESET)
 <LI><a href="#[b1]">Analyse_0x45_set_state</a> from handset.o(i.Analyse_0x45_set_state) referenced from handset.o(.constdata)
 <LI><a href="#[b2]">Analyse_0x46_set_type</a> from handset.o(i.Analyse_0x46_set_type) referenced from handset.o(.constdata)
 <LI><a href="#[31]">BusFault_Handler</a> from stm32f10x_it.o(i.BusFault_Handler) referenced from startup_stm32f10x_cl.o(RESET)
 <LI><a href="#[4b]">CAN1_RX0_IRQHandler</a> from stm32f10x_it.o(i.CAN1_RX0_IRQHandler) referenced from startup_stm32f10x_cl.o(RESET)
 <LI><a href="#[4c]">CAN1_RX1_IRQHandler</a> from startup_stm32f10x_cl.o(.text) referenced from startup_stm32f10x_cl.o(RESET)
 <LI><a href="#[4d]">CAN1_SCE_IRQHandler</a> from stm32f10x_it.o(i.CAN1_SCE_IRQHandler) referenced from startup_stm32f10x_cl.o(RESET)
 <LI><a href="#[4a]">CAN1_TX_IRQHandler</a> from stm32f10x_it.o(i.CAN1_TX_IRQHandler) referenced from startup_stm32f10x_cl.o(RESET)
 <LI><a href="#[70]">CAN2_RX0_IRQHandler</a> from stm32f10x_it.o(i.CAN2_RX0_IRQHandler) referenced from startup_stm32f10x_cl.o(RESET)
 <LI><a href="#[71]">CAN2_RX1_IRQHandler</a> from startup_stm32f10x_cl.o(.text) referenced from startup_stm32f10x_cl.o(RESET)
 <LI><a href="#[72]">CAN2_SCE_IRQHandler</a> from stm32f10x_it.o(i.CAN2_SCE_IRQHandler) referenced from startup_stm32f10x_cl.o(RESET)
 <LI><a href="#[6f]">CAN2_TX_IRQHandler</a> from stm32f10x_it.o(i.CAN2_TX_IRQHandler) referenced from startup_stm32f10x_cl.o(RESET)
 <LI><a href="#[42]">DMA1_Channel1_IRQHandler</a> from startup_stm32f10x_cl.o(.text) referenced from startup_stm32f10x_cl.o(RESET)
 <LI><a href="#[43]">DMA1_Channel2_IRQHandler</a> from startup_stm32f10x_cl.o(.text) referenced from startup_stm32f10x_cl.o(RESET)
 <LI><a href="#[44]">DMA1_Channel3_IRQHandler</a> from startup_stm32f10x_cl.o(.text) referenced from startup_stm32f10x_cl.o(RESET)
 <LI><a href="#[45]">DMA1_Channel4_IRQHandler</a> from startup_stm32f10x_cl.o(.text) referenced from startup_stm32f10x_cl.o(RESET)
 <LI><a href="#[46]">DMA1_Channel5_IRQHandler</a> from startup_stm32f10x_cl.o(.text) referenced from startup_stm32f10x_cl.o(RESET)
 <LI><a href="#[47]">DMA1_Channel6_IRQHandler</a> from startup_stm32f10x_cl.o(.text) referenced from startup_stm32f10x_cl.o(RESET)
 <LI><a href="#[48]">DMA1_Channel7_IRQHandler</a> from startup_stm32f10x_cl.o(.text) referenced from startup_stm32f10x_cl.o(RESET)
 <LI><a href="#[68]">DMA2_Channel1_IRQHandler</a> from startup_stm32f10x_cl.o(.text) referenced from startup_stm32f10x_cl.o(RESET)
 <LI><a href="#[69]">DMA2_Channel2_IRQHandler</a> from startup_stm32f10x_cl.o(.text) referenced from startup_stm32f10x_cl.o(RESET)
 <LI><a href="#[6a]">DMA2_Channel3_IRQHandler</a> from startup_stm32f10x_cl.o(.text) referenced from startup_stm32f10x_cl.o(RESET)
 <LI><a href="#[6b]">DMA2_Channel4_IRQHandler</a> from startup_stm32f10x_cl.o(.text) referenced from startup_stm32f10x_cl.o(RESET)
 <LI><a href="#[6c]">DMA2_Channel5_IRQHandler</a> from startup_stm32f10x_cl.o(.text) referenced from startup_stm32f10x_cl.o(RESET)
 <LI><a href="#[34]">DebugMon_Handler</a> from stm32f10x_it.o(i.DebugMon_Handler) referenced from startup_stm32f10x_cl.o(RESET)
 <LI><a href="#[6d]">ETH_IRQHandler</a> from startup_stm32f10x_cl.o(.text) referenced from startup_stm32f10x_cl.o(RESET)
 <LI><a href="#[6e]">ETH_WKUP_IRQHandler</a> from startup_stm32f10x_cl.o(.text) referenced from startup_stm32f10x_cl.o(RESET)
 <LI><a href="#[3d]">EXTI0_IRQHandler</a> from startup_stm32f10x_cl.o(.text) referenced from startup_stm32f10x_cl.o(RESET)
 <LI><a href="#[5f]">EXTI15_10_IRQHandler</a> from stm32f10x_it.o(i.EXTI15_10_IRQHandler) referenced from startup_stm32f10x_cl.o(RESET)
 <LI><a href="#[3e]">EXTI1_IRQHandler</a> from startup_stm32f10x_cl.o(.text) referenced from startup_stm32f10x_cl.o(RESET)
 <LI><a href="#[3f]">EXTI2_IRQHandler</a> from startup_stm32f10x_cl.o(.text) referenced from startup_stm32f10x_cl.o(RESET)
 <LI><a href="#[40]">EXTI3_IRQHandler</a> from startup_stm32f10x_cl.o(.text) referenced from startup_stm32f10x_cl.o(RESET)
 <LI><a href="#[41]">EXTI4_IRQHandler</a> from startup_stm32f10x_cl.o(.text) referenced from startup_stm32f10x_cl.o(RESET)
 <LI><a href="#[4e]">EXTI9_5_IRQHandler</a> from startup_stm32f10x_cl.o(.text) referenced from startup_stm32f10x_cl.o(RESET)
 <LI><a href="#[3b]">FLASH_IRQHandler</a> from startup_stm32f10x_cl.o(.text) referenced from startup_stm32f10x_cl.o(RESET)
 <LI><a href="#[2f]">HardFault_Handler</a> from stm32f10x_it.o(i.HardFault_Handler) referenced from startup_stm32f10x_cl.o(RESET)
 <LI><a href="#[57]">I2C1_ER_IRQHandler</a> from startup_stm32f10x_cl.o(.text) referenced from startup_stm32f10x_cl.o(RESET)
 <LI><a href="#[56]">I2C1_EV_IRQHandler</a> from startup_stm32f10x_cl.o(.text) referenced from startup_stm32f10x_cl.o(RESET)
 <LI><a href="#[59]">I2C2_ER_IRQHandler</a> from startup_stm32f10x_cl.o(.text) referenced from startup_stm32f10x_cl.o(RESET)
 <LI><a href="#[58]">I2C2_EV_IRQHandler</a> from startup_stm32f10x_cl.o(.text) referenced from startup_stm32f10x_cl.o(RESET)
 <LI><a href="#[30]">MemManage_Handler</a> from stm32f10x_it.o(i.MemManage_Handler) referenced from startup_stm32f10x_cl.o(RESET)
 <LI><a href="#[2e]">NMI_Handler</a> from stm32f10x_it.o(i.NMI_Handler) referenced from startup_stm32f10x_cl.o(RESET)
 <LI><a href="#[73]">OTG_FS_IRQHandler</a> from stm32f10x_it.o(i.OTG_FS_IRQHandler) referenced from startup_stm32f10x_cl.o(RESET)
 <LI><a href="#[61]">OTG_FS_WKUP_IRQHandler</a> from startup_stm32f10x_cl.o(.text) referenced from startup_stm32f10x_cl.o(RESET)
 <LI><a href="#[38]">PVD_IRQHandler</a> from startup_stm32f10x_cl.o(.text) referenced from startup_stm32f10x_cl.o(RESET)
 <LI><a href="#[35]">PendSV_Handler</a> from stm32f10x_it.o(i.PendSV_Handler) referenced from startup_stm32f10x_cl.o(RESET)
 <LI><a href="#[3c]">RCC_IRQHandler</a> from startup_stm32f10x_cl.o(.text) referenced from startup_stm32f10x_cl.o(RESET)
 <LI><a href="#[60]">RTCAlarm_IRQHandler</a> from startup_stm32f10x_cl.o(.text) referenced from startup_stm32f10x_cl.o(RESET)
 <LI><a href="#[3a]">RTC_IRQHandler</a> from startup_stm32f10x_cl.o(.text) referenced from startup_stm32f10x_cl.o(RESET)
 <LI><a href="#[120]">Rec_retry_pack</a> from jt808_recive.o(i.Rec_retry_pack) referenced from jt808_recive.o(.constdata)
 <LI><a href="#[2d]">Reset_Handler</a> from startup_stm32f10x_cl.o(.text) referenced from startup_stm32f10x_cl.o(RESET)
 <LI><a href="#[5a]">SPI1_IRQHandler</a> from startup_stm32f10x_cl.o(.text) referenced from startup_stm32f10x_cl.o(RESET)
 <LI><a href="#[5b]">SPI2_IRQHandler</a> from startup_stm32f10x_cl.o(.text) referenced from startup_stm32f10x_cl.o(RESET)
 <LI><a href="#[63]">SPI3_IRQHandler</a> from startup_stm32f10x_cl.o(.text) referenced from startup_stm32f10x_cl.o(RESET)
 <LI><a href="#[33]">SVC_Handler</a> from stm32f10x_it.o(i.SVC_Handler) referenced from startup_stm32f10x_cl.o(RESET)
 <LI><a href="#[36]">SysTick_Handler</a> from stm32f10x_it.o(i.SysTick_Handler) referenced from startup_stm32f10x_cl.o(RESET)
 <LI><a href="#[75]">SystemInit</a> from system_stm32f10x.o(i.SystemInit) referenced from startup_stm32f10x_cl.o(.text)
 <LI><a href="#[39]">TAMPER_IRQHandler</a> from startup_stm32f10x_cl.o(.text) referenced from startup_stm32f10x_cl.o(RESET)
 <LI><a href="#[4f]">TIM1_BRK_IRQHandler</a> from startup_stm32f10x_cl.o(.text) referenced from startup_stm32f10x_cl.o(RESET)
 <LI><a href="#[52]">TIM1_CC_IRQHandler</a> from startup_stm32f10x_cl.o(.text) referenced from startup_stm32f10x_cl.o(RESET)
 <LI><a href="#[51]">TIM1_TRG_COM_IRQHandler</a> from startup_stm32f10x_cl.o(.text) referenced from startup_stm32f10x_cl.o(RESET)
 <LI><a href="#[50]">TIM1_UP_IRQHandler</a> from startup_stm32f10x_cl.o(.text) referenced from startup_stm32f10x_cl.o(RESET)
 <LI><a href="#[53]">TIM2_IRQHandler</a> from stm32f10x_it.o(i.TIM2_IRQHandler) referenced from startup_stm32f10x_cl.o(RESET)
 <LI><a href="#[54]">TIM3_IRQHandler</a> from startup_stm32f10x_cl.o(.text) referenced from startup_stm32f10x_cl.o(RESET)
 <LI><a href="#[55]">TIM4_IRQHandler</a> from stm32f10x_it.o(i.TIM4_IRQHandler) referenced from startup_stm32f10x_cl.o(RESET)
 <LI><a href="#[62]">TIM5_IRQHandler</a> from startup_stm32f10x_cl.o(.text) referenced from startup_stm32f10x_cl.o(RESET)
 <LI><a href="#[66]">TIM6_IRQHandler</a> from stm32f10x_it.o(i.TIM6_IRQHandler) referenced from startup_stm32f10x_cl.o(RESET)
 <LI><a href="#[67]">TIM7_IRQHandler</a> from startup_stm32f10x_cl.o(.text) referenced from startup_stm32f10x_cl.o(RESET)
 <LI><a href="#[64]">UART4_IRQHandler</a> from stm32f10x_it.o(i.UART4_IRQHandler) referenced from startup_stm32f10x_cl.o(RESET)
 <LI><a href="#[65]">UART5_IRQHandler</a> from stm32f10x_it.o(i.UART5_IRQHandler) referenced from startup_stm32f10x_cl.o(RESET)
 <LI><a href="#[5c]">USART1_IRQHandler</a> from stm32f10x_it.o(i.USART1_IRQHandler) referenced from startup_stm32f10x_cl.o(RESET)
 <LI><a href="#[5d]">USART2_IRQHandler</a> from stm32f10x_it.o(i.USART2_IRQHandler) referenced from startup_stm32f10x_cl.o(RESET)
 <LI><a href="#[5e]">USART3_IRQHandler</a> from stm32f10x_it.o(i.USART3_IRQHandler) referenced from startup_stm32f10x_cl.o(RESET)
 <LI><a href="#[32]">UsageFault_Handler</a> from stm32f10x_it.o(i.UsageFault_Handler) referenced from startup_stm32f10x_cl.o(RESET)
 <LI><a href="#[37]">WWDG_IRQHandler</a> from startup_stm32f10x_cl.o(.text) referenced from startup_stm32f10x_cl.o(RESET)
 <LI><a href="#[76]">__main</a> from entry.o(.ARM.Collect$$$$00000000) referenced from startup_stm32f10x_cl.o(.text)
 <LI><a href="#[78]">_sbackspace</a> from _sgetc.o(.text) referenced 2 times from __0sscanf.o(.text)
 <LI><a href="#[79]">_scanf_char_input</a> from scanf_char.o(.text) referenced from scanf_char.o(.text)
 <LI><a href="#[77]">_sgetc</a> from _sgetc.o(.text) referenced 2 times from __0sscanf.o(.text)
 <LI><a href="#[7b]">_sputc</a> from printf6.o(i._sputc) referenced from printf6.o(i.__0sprintf$6)
 <LI><a href="#[7c]">_sputc</a> from printfa.o(i._sputc) referenced from printfa.o(i.__0vsprintf)
 <LI><a href="#[9b]">analyse_0x01_send_msg</a> from handset.o(i.analyse_0x01_send_msg) referenced from handset.o(.constdata)
 <LI><a href="#[9c]">analyse_0x02_send_sms</a> from handset.o(i.analyse_0x02_send_sms) referenced from handset.o(.constdata)
 <LI><a href="#[9d]">analyse_0x03_set_ip</a> from handset.o(i.analyse_0x03_set_ip) referenced from handset.o(.constdata)
 <LI><a href="#[9e]">analyse_0x04_set_id</a> from handset.o(i.analyse_0x04_set_id) referenced from handset.o(.constdata)
 <LI><a href="#[9f]">analyse_0x05_set_sms</a> from handset.o(i.analyse_0x05_set_sms) referenced from handset.o(.constdata)
 <LI><a href="#[a0]">analyse_0x0c_self_test</a> from handset.o(i.analyse_0x0c_self_test) referenced from handset.o(.constdata)
 <LI><a href="#[a1]">analyse_0x11_handle</a> from handset.o(i.analyse_0x11_handle) referenced from handset.o(.constdata)
 <LI><a href="#[a2]">analyse_0x14_set_apn</a> from handset.o(i.analyse_0x14_set_apn) referenced from handset.o(.constdata)
 <LI><a href="#[a3]">analyse_0x15_initialization</a> from handset.o(i.analyse_0x15_initialization) referenced from handset.o(.constdata)
 <LI><a href="#[ba]">analyse_0x19_Set_speed_plus</a> from handset.o(i.analyse_0x19_Set_speed_plus) referenced from handset.o(.constdata)
 <LI><a href="#[a4]">analyse_0x1c_set_car_vin</a> from handset.o(i.analyse_0x1c_set_car_vin) referenced from handset.o(.constdata)
 <LI><a href="#[a5]">analyse_0x1d_car_number</a> from handset.o(i.analyse_0x1d_car_number) referenced from handset.o(.constdata)
 <LI><a href="#[a6]">analyse_0x1e_car_type</a> from handset.o(i.analyse_0x1e_car_type) referenced from handset.o(.constdata)
 <LI><a href="#[a7]">analyse_0x1f_driver_code</a> from handset.o(i.analyse_0x1f_driver_code) referenced from handset.o(.constdata)
 <LI><a href="#[a8]">analyse_0x20_driver_qualification</a> from handset.o(i.analyse_0x20_driver_qualification) referenced from handset.o(.constdata)
 <LI><a href="#[a9]">analyse_0x21_speed_type</a> from handset.o(i.analyse_0x21_speed_type) referenced from handset.o(.constdata)
 <LI><a href="#[bb]">analyse_0x22_print</a> from handset.o(i.analyse_0x22_print) referenced from handset.o(.constdata)
 <LI><a href="#[aa]">analyse_0x24_set_apn</a> from handset.o(i.analyse_0x24_set_apn) referenced from handset.o(.constdata)
 <LI><a href="#[ab]">analyse_0x25_any_uart</a> from handset.o(i.analyse_0x25_any_uart) referenced from handset.o(.constdata)
 <LI><a href="#[ac]">analyse_0x26_car_class</a> from handset.o(i.analyse_0x26_car_class) referenced from handset.o(.constdata)
 <LI><a href="#[ad]">analyse_0x27_mfg_code</a> from handset.o(i.analyse_0x27_mfg_code) referenced from handset.o(.constdata)
 <LI><a href="#[ae]">analyse_0x38_lock_oil</a> from handset.o(i.analyse_0x38_lock_oil) referenced from handset.o(.constdata)
 <LI><a href="#[af]">analyse_0x39_unlock_oil</a> from handset.o(i.analyse_0x39_unlock_oil) referenced from handset.o(.constdata)
 <LI><a href="#[b0]">analyse_0x41_set_bak_ip</a> from handset.o(i.analyse_0x41_set_bak_ip) referenced from handset.o(.constdata)
 <LI><a href="#[b3]">analyse_0x47_watch_car_set</a> from handset.o(i.analyse_0x47_watch_car_set) referenced from handset.o(.constdata)
 <LI><a href="#[b4]">analyse_0x48_watch_car_unset</a> from handset.o(i.analyse_0x48_watch_car_unset) referenced from handset.o(.constdata)
 <LI><a href="#[b5]">analyse_0x60_set_province_id</a> from handset.o(i.analyse_0x60_set_province_id) referenced from handset.o(.constdata)
 <LI><a href="#[b6]">analyse_0x61_set_city_id</a> from handset.o(i.analyse_0x61_set_city_id) referenced from handset.o(.constdata)
 <LI><a href="#[b7]">analyse_0x62_set_terminal_type</a> from handset.o(i.analyse_0x62_set_terminal_type) referenced from handset.o(.constdata)
 <LI><a href="#[b8]">analyse_0x63_set_terminal_id</a> from handset.o(i.analyse_0x63_set_terminal_id) referenced from handset.o(.constdata)
 <LI><a href="#[bc]">analyse_0x66_set_car_type</a> from handset.o(i.analyse_0x66_set_car_type) referenced from handset.o(.constdata)
 <LI><a href="#[bd]">analyse_0x6a_set_print_type</a> from handset.o(i.analyse_0x6a_set_print_type) referenced from handset.o(.constdata)
 <LI><a href="#[be]">analyse_0xc2_iccard</a> from handset.o(i.analyse_0xc2_iccard) referenced 2 times from handset.o(.constdata)
 <LI><a href="#[b9]">analyse_0xee_extend</a> from handset.o(i.analyse_0xee_extend) referenced from handset.o(.constdata)
 <LI><a href="#[141]">analyse_rcd0x00_ver</a> from rcd_communicate.o(i.analyse_rcd0x00_ver) referenced from rcd_communicate.o(.constdata)
 <LI><a href="#[142]">analyse_rcd0x01_driver</a> from rcd_communicate.o(i.analyse_rcd0x01_driver) referenced from rcd_communicate.o(.constdata)
 <LI><a href="#[143]">analyse_rcd0x02_real_time</a> from rcd_communicate.o(i.analyse_rcd0x02_real_time) referenced from rcd_communicate.o(.constdata)
 <LI><a href="#[144]">analyse_rcd0x03_mileage</a> from rcd_communicate.o(i.analyse_rcd0x03_mileage) referenced from rcd_communicate.o(.constdata)
 <LI><a href="#[145]">analyse_rcd0x04_plus</a> from rcd_communicate.o(i.analyse_rcd0x04_plus) referenced from rcd_communicate.o(.constdata)
 <LI><a href="#[146]">analyse_rcd0x05_vehicle_info</a> from rcd_communicate.o(i.analyse_rcd0x05_vehicle_info) referenced from rcd_communicate.o(.constdata)
 <LI><a href="#[147]">analyse_rcd0x06_signal_cfg</a> from rcd_communicate.o(i.analyse_rcd0x06_signal_cfg) referenced from rcd_communicate.o(.constdata)
 <LI><a href="#[148]">analyse_rcd0x07_unique_ID</a> from rcd_communicate.o(i.analyse_rcd0x07_unique_ID) referenced from rcd_communicate.o(.constdata)
 <LI><a href="#[149]">analyse_rcd0x08_speed_record</a> from rcd_communicate.o(i.analyse_rcd0x08_speed_record) referenced from rcd_communicate.o(.constdata)
 <LI><a href="#[14a]">analyse_rcd0x09_position</a> from rcd_communicate.o(i.analyse_rcd0x09_position) referenced from rcd_communicate.o(.constdata)
 <LI><a href="#[14b]">analyse_rcd0x10_accident</a> from rcd_communicate.o(i.analyse_rcd0x10_accident) referenced from rcd_communicate.o(.constdata)
 <LI><a href="#[14c]">analyse_rcd0x11_drive_OT</a> from rcd_communicate.o(i.analyse_rcd0x11_drive_OT) referenced from rcd_communicate.o(.constdata)
 <LI><a href="#[14d]">analyse_rcd0x12_driver_login</a> from rcd_communicate.o(i.analyse_rcd0x12_driver_login) referenced from rcd_communicate.o(.constdata)
 <LI><a href="#[14e]">analyse_rcd0x13_power_log</a> from rcd_communicate.o(i.analyse_rcd0x13_power_log) referenced from rcd_communicate.o(.constdata)
 <LI><a href="#[14f]">analyse_rcd0x14_parameter_log</a> from rcd_communicate.o(i.analyse_rcd0x14_parameter_log) referenced from rcd_communicate.o(.constdata)
 <LI><a href="#[150]">analyse_rcd0x15_speed_log</a> from rcd_communicate.o(i.analyse_rcd0x15_speed_log) referenced from rcd_communicate.o(.constdata)
 <LI><a href="#[151]">analyse_rcd0x81_license</a> from rcd_communicate.o(i.analyse_rcd0x81_license) referenced from rcd_communicate.o(.constdata)
 <LI><a href="#[152]">analyse_rcd0x82_set_vehicle_info</a> from rcd_communicate.o(i.analyse_rcd0x82_set_vehicle_info) referenced from rcd_communicate.o(.constdata)
 <LI><a href="#[153]">analyse_rcd0x83_set_setting_time</a> from rcd_communicate.o(i.analyse_rcd0x83_set_setting_time) referenced from rcd_communicate.o(.constdata)
 <LI><a href="#[154]">analyse_rcd0x84_set_signal_cfg</a> from rcd_communicate.o(i.analyse_rcd0x84_set_signal_cfg) referenced from rcd_communicate.o(.constdata)
 <LI><a href="#[158]">analyse_rcd0xE0_docimasy</a> from rcd_communicate.o(i.analyse_rcd0xE0_docimasy) referenced from rcd_communicate.o(.constdata)
 <LI><a href="#[159]">analyse_rcd0xE1_docimasy</a> from rcd_communicate.o(i.analyse_rcd0xE1_docimasy) referenced from rcd_communicate.o(.constdata)
 <LI><a href="#[15a]">analyse_rcd0xE2_docimasy</a> from rcd_communicate.o(i.analyse_rcd0xE2_docimasy) referenced from rcd_communicate.o(.constdata)
 <LI><a href="#[15b]">analyse_rcd0xE3_docimasy</a> from rcd_communicate.o(i.analyse_rcd0xE3_docimasy) referenced from rcd_communicate.o(.constdata)
 <LI><a href="#[15c]">analyse_rcd0xE4_docimasy</a> from rcd_communicate.o(i.analyse_rcd0xE4_docimasy) referenced from rcd_communicate.o(.constdata)
 <LI><a href="#[155]">analyse_rcd0xc2_set_real_time</a> from rcd_communicate.o(i.analyse_rcd0xc2_set_real_time) referenced from rcd_communicate.o(.constdata)
 <LI><a href="#[156]">analyse_rcd0xc3_set_plus</a> from rcd_communicate.o(i.analyse_rcd0xc3_set_plus) referenced from rcd_communicate.o(.constdata)
 <LI><a href="#[157]">analyse_rcd0xc4_set_mileage</a> from rcd_communicate.o(i.analyse_rcd0xc4_set_mileage) referenced from rcd_communicate.o(.constdata)
 <LI><a href="#[9a]">array_sms_use_move_left</a> from data_interaction.o(i.array_sms_use_move_left) referenced from sms_process.o(i.sms_del)
 <LI><a href="#[99]">array_sms_use_move_right</a> from data_interaction.o(i.array_sms_use_move_right) referenced from sms_process.o(i.sms_add)
 <LI><a href="#[97]">array_uchar_move_left</a> from data_interaction.o(i.array_uchar_move_left) referenced from menu_process.o(i.mo_telephone_hdl)
 <LI><a href="#[98]">array_uint_move_right</a> from data_interaction.o(i.array_uint_move_right) referenced from phone_book.o(i.phbk_add_name_index)
 <LI><a href="#[98]">array_uint_move_right</a> from data_interaction.o(i.array_uint_move_right) referenced from phone_book.o(i.phbk_add_num_index)
 <LI><a href="#[7d]">cmp_spi_flash_unigb</a> from data_interaction.o(i.cmp_spi_flash_unigb) referenced from data_interaction.o(i.gbk_uni_table)
 <LI><a href="#[bf]">down_0x0d</a> from data_interaction.o(i.down_0x0d) referenced from data_interaction.o(.constdata)
 <LI><a href="#[c0]">down_0x19</a> from data_interaction.o(i.down_0x19) referenced from data_interaction.o(.constdata)
 <LI><a href="#[c1]">down_0x1c</a> from data_interaction.o(i.down_0x1c) referenced from data_interaction.o(.constdata)
 <LI><a href="#[c2]">down_0x1d</a> from data_interaction.o(i.down_0x1d) referenced from data_interaction.o(.constdata)
 <LI><a href="#[c3]">down_0x1f</a> from data_interaction.o(i.down_0x1f) referenced from data_interaction.o(.constdata)
 <LI><a href="#[c4]">down_0x20</a> from data_interaction.o(i.down_0x20) referenced from data_interaction.o(.constdata)
 <LI><a href="#[c5]">down_0x21</a> from data_interaction.o(i.down_0x21) referenced from data_interaction.o(.constdata)
 <LI><a href="#[c6]">down_0x23</a> from data_interaction.o(i.down_0x23) referenced from data_interaction.o(.constdata)
 <LI><a href="#[c7]">down_0x26</a> from data_interaction.o(i.down_0x26) referenced from data_interaction.o(.constdata)
 <LI><a href="#[c8]">down_0x27</a> from data_interaction.o(i.down_0x27) referenced from data_interaction.o(.constdata)
 <LI><a href="#[c9]">down_0x60</a> from data_interaction.o(i.down_0x60) referenced from data_interaction.o(.constdata)
 <LI><a href="#[ca]">down_0x61</a> from data_interaction.o(i.down_0x61) referenced from data_interaction.o(.constdata)
 <LI><a href="#[cb]">down_0x62</a> from data_interaction.o(i.down_0x62) referenced from data_interaction.o(.constdata)
 <LI><a href="#[cc]">down_0x63</a> from data_interaction.o(i.down_0x63) referenced from data_interaction.o(.constdata)
 <LI><a href="#[cd]">down_0x66</a> from data_interaction.o(i.down_0x66) referenced from data_interaction.o(.constdata)
 <LI><a href="#[ce]">down_0x6a</a> from data_interaction.o(i.down_0x6a) referenced from data_interaction.o(.constdata)
 <LI><a href="#[cf]">down_0x6b</a> from data_interaction.o(i.down_0x6b) referenced from data_interaction.o(.constdata)
 <LI><a href="#[d1]">down_0xa0</a> from data_interaction.o(i.down_0xa0) referenced from data_interaction.o(.constdata)
 <LI><a href="#[d2]">down_0xa1</a> from data_interaction.o(i.down_0xa1) referenced from data_interaction.o(.constdata)
 <LI><a href="#[d3]">down_0xa2</a> from data_interaction.o(i.down_0xa2) referenced from data_interaction.o(.constdata)
 <LI><a href="#[d4]">down_0xa3</a> from data_interaction.o(i.down_0xa3) referenced from data_interaction.o(.constdata)
 <LI><a href="#[d5]">down_0xa4</a> from data_interaction.o(i.down_0xa4) referenced from data_interaction.o(.constdata)
 <LI><a href="#[d6]">down_0xa5</a> from data_interaction.o(i.down_0xa5) referenced from data_interaction.o(.constdata)
 <LI><a href="#[d7]">down_0xa6</a> from data_interaction.o(i.down_0xa6) referenced from data_interaction.o(.constdata)
 <LI><a href="#[d8]">down_0xa7</a> from data_interaction.o(i.down_0xa7) referenced from data_interaction.o(.constdata)
 <LI><a href="#[d9]">down_0xa8</a> from data_interaction.o(i.down_0xa8) referenced from data_interaction.o(.constdata)
 <LI><a href="#[da]">down_0xae</a> from data_interaction.o(i.down_0xae) referenced from data_interaction.o(.constdata)
 <LI><a href="#[db]">down_0xaf</a> from data_interaction.o(i.down_0xaf) referenced from data_interaction.o(.constdata)
 <LI><a href="#[dc]">down_0xb0</a> from data_interaction.o(i.down_0xb0) referenced from data_interaction.o(.constdata)
 <LI><a href="#[d0]">down_0xb1</a> from data_interaction.o(i.down_0xb1) referenced from data_interaction.o(.constdata)
 <LI><a href="#[dd]">down_0xc2</a> from data_interaction.o(i.down_0xc2) referenced from data_interaction.o(.constdata)
 <LI><a href="#[de]">down_0xee_0x8300</a> from data_interaction.o(i.down_0xee_0x8300) referenced from data_interaction.o(.constdata)
 <LI><a href="#[df]">down_0xee_0x8301</a> from data_interaction.o(i.down_0xee_0x8301) referenced from data_interaction.o(.constdata)
 <LI><a href="#[e0]">down_0xee_0x8302</a> from data_interaction.o(i.down_0xee_0x8302) referenced from data_interaction.o(.constdata)
 <LI><a href="#[e1]">down_0xee_0x8303</a> from data_interaction.o(i.down_0xee_0x8303) referenced from data_interaction.o(.constdata)
 <LI><a href="#[e2]">down_0xee_0x8304</a> from data_interaction.o(i.down_0xee_0x8304) referenced from data_interaction.o(.constdata)
 <LI><a href="#[e3]">down_0xee_0x8401</a> from data_interaction.o(i.down_0xee_0x8401) referenced from data_interaction.o(.constdata)
 <LI><a href="#[e4]">down_0xee_0x8702</a> from data_interaction.o(i.down_0xee_0x8702) referenced from data_interaction.o(.constdata)
 <LI><a href="#[13b]">fz_ztc_add_area</a> from jt808_recive.o(i.fz_ztc_add_area) referenced 2 times from jt808_recive.o(.constdata)
 <LI><a href="#[13d]">fz_ztc_add_road</a> from jt808_recive.o(i.fz_ztc_add_road) referenced from jt808_recive.o(.constdata)
 <LI><a href="#[13a]">fz_ztc_alarm_hint</a> from jt808_recive.o(i.fz_ztc_alarm_hint) referenced from jt808_recive.o(.constdata)
 <LI><a href="#[139]">fz_ztc_control_lock</a> from jt808_recive.o(i.fz_ztc_control_lock) referenced from jt808_recive.o(.constdata)
 <LI><a href="#[13c]">fz_ztc_del_area_road</a> from jt808_recive.o(i.fz_ztc_del_area_road) referenced from jt808_recive.o(.constdata)
 <LI><a href="#[138]">fz_ztc_limit_rise</a> from jt808_recive.o(i.fz_ztc_limit_rise) referenced from jt808_recive.o(.constdata)
 <LI><a href="#[136]">fz_ztc_lock_car</a> from jt808_recive.o(i.fz_ztc_lock_car) referenced from jt808_recive.o(.constdata)
 <LI><a href="#[137]">fz_ztc_speed_limit</a> from jt808_recive.o(i.fz_ztc_speed_limit) referenced from jt808_recive.o(.constdata)
 <LI><a href="#[93]">g_delay_ms</a> from drv_cfg_tr9.o(i.g_delay_ms) referenced from drv_cfg_tr9.o(i.hard_memory_init)
 <LI><a href="#[88]">g_delay_us</a> from drv_cfg_tr9.o(i.g_delay_us) referenced from drv_cfg_tr9.o(i.hard_memory_init)
 <LI><a href="#[87]">gbk_unicode</a> from data_interaction.o(i.gbk_unicode) referenced from drv_cfg_tr9.o(i.hard_memory_init)
 <LI><a href="#[116]">gsm_check</a> from gsm_ec20.o(i.gsm_check) referenced from gsm_ec20.o(.constdata)
 <LI><a href="#[11e]">gsm_disconnect</a> from gsm_ec20.o(i.gsm_disconnect) referenced from gsm_ec20.o(.constdata)
 <LI><a href="#[114]">gsm_enter_pin</a> from gsm_ec20.o(i.gsm_enter_pin) referenced from gsm_ec20.o(.constdata)
 <LI><a href="#[115]">gsm_init</a> from gsm_ec20.o(i.gsm_init) referenced from gsm_ec20.o(.constdata)
 <LI><a href="#[113]">gsm_off</a> from gsm_ec20.o(i.gsm_off) referenced from gsm_ec20.o(.constdata)
 <LI><a href="#[112]">gsm_power_up</a> from gsm_ec20.o(i.gsm_power_up) referenced from gsm_ec20.o(.constdata)
 <LI><a href="#[119]">gsm_recv_sms</a> from gsm_ec20.o(i.gsm_recv_sms) referenced from gsm_ec20.o(.constdata)
 <LI><a href="#[11d]">gsm_request_error</a> from gsm_ec20.o(i.gsm_request_error) referenced from gsm_ec20.o(.constdata)
 <LI><a href="#[118]">gsm_run_task</a> from gsm_ec20.o(i.gsm_run_task) referenced from gsm_ec20.o(.constdata)
 <LI><a href="#[11b]">gsm_send_sms_pdu</a> from gsm_ec20.o(i.gsm_send_sms_pdu) referenced from gsm_ec20.o(.constdata)
 <LI><a href="#[11a]">gsm_send_sms_txt</a> from gsm_ec20.o(i.gsm_send_sms_txt) referenced from gsm_ec20.o(.constdata)
 <LI><a href="#[117]">gsm_setup</a> from gsm_ec20.o(i.gsm_setup) referenced from gsm_ec20.o(.constdata)
 <LI><a href="#[11c]">gsm_tts_handle</a> from gsm_ec20.o(i.gsm_tts_handle) referenced from gsm_ec20.o(.constdata)
 <LI><a href="#[8d]">ic_clk_read</a> from drv_cfg_tr9.o(i.ic_clk_read) referenced from drv_cfg_tr9.o(i.hard_memory_init)
 <LI><a href="#[8b]">ic_clk_set</a> from drv_cfg_tr9.o(i.ic_clk_set) referenced from drv_cfg_tr9.o(i.hard_memory_init)
 <LI><a href="#[8c]">ic_io_read</a> from drv_cfg_tr9.o(i.ic_io_read) referenced from drv_cfg_tr9.o(i.hard_memory_init)
 <LI><a href="#[8a]">ic_io_set</a> from drv_cfg_tr9.o(i.ic_io_set) referenced from drv_cfg_tr9.o(i.hard_memory_init)
 <LI><a href="#[89]">ic_rst_set</a> from drv_cfg_tr9.o(i.ic_rst_set) referenced from drv_cfg_tr9.o(i.hard_memory_init)
 <LI><a href="#[7a]">isspace</a> from isspace_o.o(.text) referenced 2 times from scanf_char.o(.text)
 <LI><a href="#[91]">lcd13264_a0_set</a> from drv_cfg_tr9.o(i.lcd13264_a0_set) referenced from drv_cfg_tr9.o(i.hard_memory_init)
 <LI><a href="#[8f]">lcd13264_cs_set</a> from drv_cfg_tr9.o(i.lcd13264_cs_set) referenced from drv_cfg_tr9.o(i.hard_memory_init)
 <LI><a href="#[92]">lcd13264_io_set</a> from drv_cfg_tr9.o(i.lcd13264_io_set) referenced from drv_cfg_tr9.o(i.hard_memory_init)
 <LI><a href="#[90]">lcd13264_rst_set</a> from drv_cfg_tr9.o(i.lcd13264_rst_set) referenced from drv_cfg_tr9.o(i.hard_memory_init)
 <LI><a href="#[8e]">lcd13264_scl_set</a> from drv_cfg_tr9.o(i.lcd13264_scl_set) referenced from drv_cfg_tr9.o(i.hard_memory_init)
 <LI><a href="#[74]">main</a> from main.o(i.main) referenced from entry9a.o(.ARM.Collect$$$$0000000B)
 <LI><a href="#[15]">mo_1st_1st_1st_1st_hdl</a> from menu_process.o(i.mo_1st_1st_1st_1st_hdl) referenced 2 times from menu_process.o(.data)
 <LI><a href="#[d]">mo_1st_1st_1st_password_hdl</a> from menu_process.o(i.mo_1st_1st_1st_password_hdl) referenced 2 times from menu_process.o(.data)
 <LI><a href="#[e]">mo_1st_1st_2nd_password_hdl</a> from menu_process.o(i.mo_1st_1st_2nd_password_hdl) referenced 2 times from menu_process.o(.data)
 <LI><a href="#[16]">mo_1st_1st_5th_1st_hdl</a> from menu_process.o(i.mo_1st_1st_5th_1st_hdl) referenced 2 times from menu_process.o(.data)
 <LI><a href="#[10]">mo_1st_5th_1st_1st_hdl</a> from menu_process.o(i.mo_1st_5th_1st_1st_hdl) referenced 2 times from menu_process.o(.data)
 <LI><a href="#[11]">mo_1st_5th_1st_3rd_hdl</a> from menu_process.o(i.mo_1st_5th_1st_3rd_hdl) referenced 2 times from menu_process.o(.data)
 <LI><a href="#[12]">mo_1st_5th_1st_4th_hdl</a> from menu_process.o(i.mo_1st_5th_1st_4th_hdl) referenced 2 times from menu_process.o(.data)
 <LI><a href="#[8]">mo_1st_5th_1st_password_hdl</a> from menu_process.o(i.mo_1st_5th_1st_password_hdl) referenced 2 times from menu_process.o(.data)
 <LI><a href="#[9]">mo_1st_5th_4th_password_hdl</a> from menu_process.o(i.mo_1st_5th_4th_password_hdl) referenced 2 times from menu_process.o(.data)
 <LI><a href="#[a]">mo_1st_5th_6th_password_hdl</a> from menu_process.o(i.mo_1st_5th_6th_password_hdl) referenced 2 times from menu_process.o(.data)
 <LI><a href="#[b]">mo_1st_5th_8th_password_hdl</a> from menu_process.o(i.mo_1st_5th_8th_password_hdl) referenced 2 times from menu_process.o(.data)
 <LI><a href="#[13]">mo_1st_5th_9th_1st_hdl</a> from menu_process.o(i.mo_1st_5th_9th_1st_hdl) referenced 2 times from menu_process.o(.data)
 <LI><a href="#[14]">mo_1st_5th_9th_7th_hdl</a> from menu_process.o(i.mo_1st_5th_9th_7th_hdl) referenced 2 times from menu_process.o(.data)
 <LI><a href="#[c]">mo_1st_6th_1th_password_hdl</a> from menu_process.o(i.mo_1st_6th_1th_password_hdl) referenced 2 times from menu_process.o(.data)
 <LI><a href="#[1a]">mo_auto_check_hdl</a> from menu_process.o(i.mo_auto_check_hdl) referenced 2 times from menu_process.o(.data)
 <LI><a href="#[2a]">mo_auto_init_hal</a> from menu_process.o(i.mo_auto_init_hal) referenced 2 times from menu_process.o(.data)
 <LI><a href="#[28]">mo_cfg_parameter_hdl</a> from menu_process.o(i.mo_cfg_parameter_hdl) referenced 2 times from menu_process.o(.data)
 <LI><a href="#[4]">mo_check_state_hdl</a> from menu_process.o(i.mo_check_state_hdl) referenced 2 times from menu_process.o(.data)
 <LI><a href="#[19]">mo_csq_vol_hdl</a> from menu_process.o(i.mo_csq_vol_hdl) referenced 2 times from menu_process.o(.data)
 <LI><a href="#[27]">mo_expand_mult_usart_hdl</a> from menu_process.o(i.mo_expand_mult_usart_hdl) referenced 2 times from menu_process.o(.data)
 <LI><a href="#[1]">mo_gps_infor1_hdl</a> from menu_process.o(i.mo_gps_infor1_hdl) referenced 2 times from menu_process.o(.data)
 <LI><a href="#[2]">mo_gps_infor2_hdl</a> from menu_process.o(i.mo_gps_infor2_hdl) referenced 2 times from menu_process.o(.data)
 <LI><a href="#[17]">mo_host_para_hdl</a> from menu_process.o(i.mo_host_para_hdl) referenced 2 times from menu_process.o(.data)
 <LI><a href="#[18]">mo_ic_card_dis_hdl</a> from menu_process.o(i.mo_ic_card_dis_hdl) referenced 2 times from menu_process.o(.data)
 <LI><a href="#[6]">mo_lcd_para_rst_hdl</a> from menu_process.o(i.mo_lcd_para_rst_hdl) referenced 2 times from menu_process.o(.data)
 <LI><a href="#[7]">mo_message_window_hdl</a> from menu_process.o(i.mo_message_window_hdl) referenced 2 times from menu_process.o(.data)
 <LI><a href="#[20]">mo_oil_test_hdl</a> from menu_process.o(i.mo_oil_test_hdl) referenced 2 times from menu_process.o(.data)
 <LI><a href="#[f]">mo_password_change_hdl</a> from menu_process.o(i.mo_password_change_hdl) referenced 2 times from menu_process.o(.data)
 <LI><a href="#[26]">mo_phbk_display_hdl</a> from menu_process.o(i.mo_phbk_display_hdl) referenced 2 times from menu_process.o(.data)
 <LI><a href="#[5]">mo_print_hdl</a> from menu_process.o(i.mo_print_hdl) referenced 2 times from menu_process.o(.data)
 <LI><a href="#[1d]">mo_query_driver_hdl</a> from menu_process.o(i.mo_query_driver_hdl) referenced 2 times from menu_process.o(.data)
 <LI><a href="#[1b]">mo_query_rec_hdl</a> from menu_process.o(i.mo_query_rec_hdl) referenced 2 times from menu_process.o(.data)
 <LI><a href="#[1c]">mo_query_reg_hdl</a> from menu_process.o(i.mo_query_reg_hdl) referenced 2 times from menu_process.o(.data)
 <LI><a href="#[29]">mo_read_rcd_data_hal</a> from menu_process.o(i.mo_read_rcd_data_hal) referenced 2 times from menu_process.o(.data)
 <LI><a href="#[3]">mo_recorder_state_hdl</a> from menu_process.o(i.mo_recorder_state_hdl) referenced 2 times from menu_process.o(.data)
 <LI><a href="#[24]">mo_sms_ask_input_hdl</a> from menu_process.o(i.mo_sms_ask_input_hdl) referenced 2 times from menu_process.o(.data)
 <LI><a href="#[25]">mo_sms_display_hdl</a> from menu_process.o(i.mo_sms_display_hdl) referenced 2 times from menu_process.o(.data)
 <LI><a href="#[22]">mo_sms_fix_input_hdl</a> from menu_process.o(i.mo_sms_fix_input_hdl) referenced 2 times from menu_process.o(.data)
 <LI><a href="#[23]">mo_sms_vod_input_hdl</a> from menu_process.o(i.mo_sms_vod_input_hdl) referenced 2 times from menu_process.o(.data)
 <LI><a href="#[2c]">mo_speed_record_hal</a> from menu_process.o(i.mo_speed_record_hal) referenced 2 times from menu_process.o(.data)
 <LI><a href="#[0]">mo_standby_hdl</a> from menu_process.o(i.mo_standby_hdl) referenced 2 times from menu_process.o(.data)
 <LI><a href="#[21]">mo_telephone_hdl</a> from menu_process.o(i.mo_telephone_hdl) referenced 2 times from menu_process.o(.data)
 <LI><a href="#[2b]">mo_timeout_driving_hal</a> from menu_process.o(i.mo_timeout_driving_hal) referenced 2 times from menu_process.o(.data)
 <LI><a href="#[1f]">mo_update_font_lib_hdl</a> from menu_process.o(i.mo_update_font_lib_hdl) referenced 2 times from menu_process.o(.data)
 <LI><a href="#[1e]">mo_update_tf_main_hdl</a> from menu_process.o(i.mo_update_tf_main_hdl) referenced 2 times from menu_process.o(.data)
 <LI><a href="#[13f]">net_copy</a> from jt808_parse.o(i.net_copy) referenced from jt808_parse.o(.constdata)
 <LI><a href="#[13e]">net_idle</a> from jt808_parse.o(i.net_idle) referenced from jt808_parse.o(.constdata)
 <LI><a href="#[140]">net_wait_ending</a> from jt808_parse.o(i.net_wait_ending) referenced from jt808_parse.o(.constdata)
 <LI><a href="#[83]">print_clk_set</a> from drv_cfg_tr9.o(i.print_clk_set) referenced from drv_cfg_tr9.o(i.hard_memory_init)
 <LI><a href="#[82]">print_di_set</a> from drv_cfg_tr9.o(i.print_di_set) referenced from drv_cfg_tr9.o(i.hard_memory_init)
 <LI><a href="#[85]">print_heat_set</a> from drv_cfg_tr9.o(i.print_heat_set) referenced from drv_cfg_tr9.o(i.hard_memory_init)
 <LI><a href="#[84]">print_lat_set</a> from drv_cfg_tr9.o(i.print_lat_set) referenced from drv_cfg_tr9.o(i.hard_memory_init)
 <LI><a href="#[80]">print_ma_set</a> from drv_cfg_tr9.o(i.print_ma_set) referenced from drv_cfg_tr9.o(i.hard_memory_init)
 <LI><a href="#[7e]">print_mb_set</a> from drv_cfg_tr9.o(i.print_mb_set) referenced from drv_cfg_tr9.o(i.hard_memory_init)
 <LI><a href="#[81]">print_mna_set</a> from drv_cfg_tr9.o(i.print_mna_set) referenced from drv_cfg_tr9.o(i.hard_memory_init)
 <LI><a href="#[7f]">print_mnb_set</a> from drv_cfg_tr9.o(i.print_mnb_set) referenced from drv_cfg_tr9.o(i.hard_memory_init)
 <LI><a href="#[86]">read_flash_fonts</a> from hard_config.o(i.read_flash_fonts) referenced from drv_cfg_tr9.o(i.hard_memory_init)
 <LI><a href="#[128]">rec_ask_position</a> from jt808_recive.o(i.rec_ask_position) referenced from jt808_recive.o(.constdata)
 <LI><a href="#[134]">rec_driver_state</a> from jt808_recive.o(i.rec_driver_state) referenced from jt808_recive.o(.constdata)
 <LI><a href="#[12c]">rec_event_set</a> from jt808_recive.o(i.rec_event_set) referenced from jt808_recive.o(.constdata)
 <LI><a href="#[126]">rec_get_terminal_property</a> from jt808_recive.o(i.rec_get_terminal_property) referenced from jt808_recive.o(.constdata)
 <LI><a href="#[121]">rec_login_return</a> from jt808_recive.o(i.rec_login_return) referenced from jt808_recive.o(.constdata)
 <LI><a href="#[12a]">rec_man_confirm_remove</a> from jt808_recive.o(i.rec_man_confirm_remove) referenced from jt808_recive.o(.constdata)
 <LI><a href="#[12e]">rec_mess_menu_set</a> from jt808_recive.o(i.rec_mess_menu_set) referenced from jt808_recive.o(.constdata)
 <LI><a href="#[12f]">rec_mess_server</a> from jt808_recive.o(i.rec_mess_server) referenced from jt808_recive.o(.constdata)
 <LI><a href="#[131]">rec_oil_control</a> from jt808_recive.o(i.rec_oil_control) referenced from jt808_recive.o(.constdata)
 <LI><a href="#[12d]">rec_question_down</a> from jt808_recive.o(i.rec_question_down) referenced from jt808_recive.o(.constdata)
 <LI><a href="#[133]">rec_rcd_data_get</a> from jt808_recive.o(i.rec_rcd_data_get) referenced 2 times from jt808_recive.o(.constdata)
 <LI><a href="#[132]">rec_retry_pack</a> from jt808_recive.o(i.rec_retry_pack) referenced from jt808_recive.o(.constdata)
 <LI><a href="#[12b]">rec_send_message</a> from jt808_recive.o(i.rec_send_message) referenced from jt808_recive.o(.constdata)
 <LI><a href="#[122]">rec_set_terminal_para</a> from jt808_recive.o(i.rec_set_terminal_para) referenced from jt808_recive.o(.constdata)
 <LI><a href="#[11f]">rec_sure_response</a> from jt808_recive.o(i.rec_sure_response) referenced from jt808_recive.o(.constdata)
 <LI><a href="#[124]">rec_terminal_control</a> from jt808_recive.o(i.rec_terminal_control) referenced from jt808_recive.o(.constdata)
 <LI><a href="#[129]">rec_tmp_pos_trace</a> from jt808_recive.o(i.rec_tmp_pos_trace) referenced from jt808_recive.o(.constdata)
 <LI><a href="#[135]">rec_transparent_transmission</a> from jt808_recive.o(i.rec_transparent_transmission) referenced from jt808_recive.o(.constdata)
 <LI><a href="#[127]">rec_update_software</a> from jt808_recive.o(i.rec_update_software) referenced from jt808_recive.o(.constdata)
 <LI><a href="#[130]">rec_vehi_control</a> from jt808_recive.o(i.rec_vehi_control) referenced from jt808_recive.o(.constdata)
 <LI><a href="#[123]">rec_view_terminal_all_para</a> from jt808_recive.o(i.rec_view_terminal_all_para) referenced from jt808_recive.o(.constdata)
 <LI><a href="#[125]">rec_view_terminal_any_para</a> from jt808_recive.o(i.rec_view_terminal_any_para) referenced from jt808_recive.o(.constdata)
 <LI><a href="#[161]">set_password_msg</a> from sms_parse.o(i.set_password_msg) referenced from sms_parse.o(.constdata)
 <LI><a href="#[95]">sms_ask_input_set</a> from menu_process.o(i.sms_ask_input_set) referenced from menu_process.o(i.mo_sms_display_hdl)
 <LI><a href="#[94]">sms_fix_input_set</a> from menu_process.o(i.sms_fix_input_set) referenced from menu_process.o(i.mo_sms_display_hdl)
 <LI><a href="#[15e]">sms_ota_new_ver</a> from sms_parse.o(i.sms_ota_new_ver) referenced from sms_parse.o(.constdata)
 <LI><a href="#[15f]">sms_query_parameter</a> from sms_parse.o(i.sms_query_parameter) referenced from sms_parse.o(.constdata)
 <LI><a href="#[160]">sms_terminal_reset</a> from sms_parse.o(i.sms_terminal_reset) referenced from sms_parse.o(.constdata)
 <LI><a href="#[162]">sms_trset_msg</a> from sms_parse.o(i.sms_trset_msg) referenced from sms_parse.o(.constdata)
 <LI><a href="#[96]">sms_vod_input_set</a> from menu_process.o(i.sms_vod_input_set) referenced from menu_process.o(i.mo_sms_display_hdl)
 <LI><a href="#[163]">sms_wakeup_msg</a> from sms_parse.o(i.sms_wakeup_msg) referenced 2 times from sms_parse.o(.constdata)
 <LI><a href="#[15d]">time_rept</a> from report.o(i.time_rept) referenced from report.o(.constdata)
 <LI><a href="#[18d]">tr9_6036_task</a> from tr9_agree.o(i.tr9_6036_task) referenced from tr9_agree.o(.constdata)
 <LI><a href="#[18e]">tr9_6039_task</a> from tr9_agree.o(i.tr9_6039_task) referenced from tr9_agree.o(.constdata)
 <LI><a href="#[18f]">tr9_603A_task</a> from tr9_agree.o(i.tr9_603A_task) referenced from tr9_agree.o(.constdata)
 <LI><a href="#[190]">tr9_603B_task</a> from tr9_agree.o(i.tr9_603B_task) referenced from tr9_agree.o(.constdata)
 <LI><a href="#[191]">tr9_603D_task</a> from tr9_agree.o(i.tr9_603D_task) referenced from tr9_agree.o(.constdata)
 <LI><a href="#[192]">tr9_603F_task</a> from tr9_agree.o(i.tr9_603F_task) referenced from tr9_agree.o(.constdata)
 <LI><a href="#[193]">tr9_6041_task</a> from tr9_agree.o(i.tr9_6041_task) referenced from tr9_agree.o(.constdata)
 <LI><a href="#[194]">tr9_6043_task</a> from tr9_agree.o(i.tr9_6043_task) referenced from tr9_agree.o(.constdata)
 <LI><a href="#[195]">tr9_6045_task</a> from tr9_agree.o(i.tr9_6045_task) referenced from tr9_agree.o(.constdata)
 <LI><a href="#[196]">tr9_6047_task</a> from tr9_agree.o(i.tr9_6047_task) referenced from tr9_agree.o(.constdata)
 <LI><a href="#[197]">tr9_6050_task</a> from tr9_agree.o(i.tr9_6050_task) referenced from tr9_agree.o(.constdata)
 <LI><a href="#[198]">tr9_6051_task</a> from tr9_agree.o(i.tr9_6051_task) referenced from tr9_agree.o(.constdata)
 <LI><a href="#[199]">tr9_6052_task</a> from tr9_agree.o(i.tr9_6052_task) referenced from tr9_agree.o(.constdata)
 <LI><a href="#[19a]">tr9_6054_task</a> from tr9_agree.o(i.tr9_6054_task) referenced from tr9_agree.o(.constdata)
 <LI><a href="#[19b]">tr9_6056_task</a> from tr9_agree.o(i.tr9_6056_task) referenced from tr9_agree.o(.constdata)
 <LI><a href="#[19c]">tr9_6057_task</a> from tr9_agree.o(i.tr9_6057_task) referenced from tr9_agree.o(.constdata)
 <LI><a href="#[19d]">tr9_6066_task</a> from tr9_agree.o(i.tr9_6066_task) referenced from tr9_agree.o(.constdata)
 <LI><a href="#[189]">tr9_Driving_record</a> from tr9_agree.o(i.tr9_Driving_record) referenced from tr9_agree.o(.constdata)
 <LI><a href="#[18a]">tr9_Export_state</a> from tr9_agree.o(i.tr9_Export_state) referenced from tr9_agree.o(.constdata)
 <LI><a href="#[18c]">tr9_Gps_model</a> from tr9_agree.o(i.tr9_Gps_model) referenced from tr9_agree.o(.constdata)
 <LI><a href="#[18b]">tr9_Set_Driving_record</a> from tr9_agree.o(i.tr9_Set_Driving_record) referenced from tr9_agree.o(.constdata)
 <LI><a href="#[166]">tr9_agree_pwr_close</a> from tr9_agree.o(i.tr9_agree_pwr_close) referenced from tr9_agree.o(.constdata)
 <LI><a href="#[185]">tr9_ask_close_time</a> from tr9_agree.o(i.tr9_ask_close_time) referenced from tr9_agree.o(.constdata)
 <LI><a href="#[16e]">tr9_ask_gps_data</a> from tr9_agree.o(i.tr9_ask_gps_data) referenced from tr9_agree.o(.constdata)
 <LI><a href="#[172]">tr9_ask_jt808_2018_para</a> from tr9_agree.o(i.tr9_ask_jt808_2018_para) referenced from tr9_agree.o(.constdata)
 <LI><a href="#[16c]">tr9_ask_mcu_version</a> from tr9_agree.o(i.tr9_ask_mcu_version) referenced from tr9_agree.o(.constdata)
 <LI><a href="#[186]">tr9_ask_restart</a> from tr9_agree.o(i.tr9_ask_restart) referenced from tr9_agree.o(.constdata)
 <LI><a href="#[16f]">tr9_ask_water_no</a> from tr9_agree.o(i.tr9_ask_water_no) referenced from tr9_agree.o(.constdata)
 <LI><a href="#[17d]">tr9_car_control_set</a> from tr9_agree.o(i.tr9_car_control_set) referenced from tr9_agree.o(.constdata)
 <LI><a href="#[168]">tr9_ec20_ctrl</a> from tr9_agree.o(i.tr9_ec20_ctrl) referenced from tr9_agree.o(.constdata)
 <LI><a href="#[177]">tr9_ic_card_pull_out</a> from tr9_agree.o(i.tr9_ic_card_pull_out) referenced from tr9_agree.o(.constdata)
 <LI><a href="#[164]">tr9_noromal_ack</a> from tr9_agree.o(i.tr9_noromal_ack) referenced from tr9_agree.o(.constdata)
 <LI><a href="#[165]">tr9_pwr_set</a> from tr9_agree.o(i.tr9_pwr_set) referenced from tr9_agree.o(.constdata)
 <LI><a href="#[182]">tr9_rece_limit_speed</a> from tr9_agree.o(i.tr9_rece_limit_speed) referenced from tr9_agree.o(.constdata)
 <LI><a href="#[180]">tr9_rece_set_ip</a> from tr9_agree.o(i.tr9_rece_set_ip) referenced from tr9_agree.o(.constdata)
 <LI><a href="#[181]">tr9_rece_weight_data</a> from tr9_agree.o(i.tr9_rece_weight_data) referenced from tr9_agree.o(.constdata)
 <LI><a href="#[175]">tr9_request_cancel_alarm</a> from tr9_agree.o(i.tr9_request_cancel_alarm) referenced from tr9_agree.o(.constdata)
 <LI><a href="#[174]">tr9_request_lcok_car</a> from tr9_agree.o(i.tr9_request_lcok_car) referenced from tr9_agree.o(.constdata)
 <LI><a href="#[176]">tr9_request_raise_ctrl</a> from tr9_agree.o(i.tr9_request_raise_ctrl) referenced from tr9_agree.o(.constdata)
 <LI><a href="#[17a]">tr9_send_jt808_status</a> from tr9_agree.o(i.tr9_send_jt808_status) referenced from tr9_agree.o(.constdata)
 <LI><a href="#[16b]">tr9_send_temperature</a> from tr9_agree.o(i.tr9_send_temperature) referenced from tr9_agree.o(.constdata)
 <LI><a href="#[187]">tr9_send_wangluo</a> from tr9_agree.o(i.tr9_send_wangluo) referenced from tr9_agree.o(.constdata)
 <LI><a href="#[184]">tr9_set_close_time</a> from tr9_agree.o(i.tr9_set_close_time) referenced from tr9_agree.o(.constdata)
 <LI><a href="#[170]">tr9_set_jt808_2018_para</a> from tr9_agree.o(i.tr9_set_jt808_2018_para) referenced from tr9_agree.o(.constdata)
 <LI><a href="#[17c]">tr9_set_limit_speed</a> from tr9_agree.o(i.tr9_set_limit_speed) referenced from tr9_agree.o(.constdata)
 <LI><a href="#[169]">tr9_set_server_para</a> from tr9_agree.o(i.tr9_set_server_para) referenced from tr9_agree.o(.constdata)
 <LI><a href="#[16a]">tr9_set_sim_id</a> from tr9_agree.o(i.tr9_set_sim_id) referenced from tr9_agree.o(.constdata)
 <LI><a href="#[17b]">tr9_set_sleep_rpt_time</a> from tr9_agree.o(i.tr9_set_sleep_rpt_time) referenced from tr9_agree.o(.constdata)
 <LI><a href="#[17e]">tr9_set_text_sms</a> from tr9_agree.o(i.tr9_set_text_sms) referenced from tr9_agree.o(.constdata)
 <LI><a href="#[178]">tr9_tele_power_ctrl</a> from tr9_agree.o(i.tr9_tele_power_ctrl) referenced from tr9_agree.o(.constdata)
 <LI><a href="#[16d]">tr9_trans_t808_data</a> from tr9_agree.o(i.tr9_trans_t808_data) referenced from tr9_agree.o(.constdata)
 <LI><a href="#[173]">tr9_tts_data</a> from tr9_agree.o(i.tr9_tts_data) referenced from tr9_agree.o(.constdata)
 <LI><a href="#[179]">tr9_tts_power_ctrl</a> from tr9_agree.o(i.tr9_tts_power_ctrl) referenced from tr9_agree.o(.constdata)
 <LI><a href="#[188]">tr9_uart_SeriaNet</a> from tr9_agree.o(i.tr9_uart_SeriaNet) referenced from tr9_agree.o(.constdata)
 <LI><a href="#[17f]">tr9_update_font_lib</a> from tr9_agree.o(i.tr9_update_font_lib) referenced from tr9_agree.o(.constdata)
 <LI><a href="#[171]">tr9_update_sd_data</a> from tr9_agree.o(i.tr9_update_sd_data) referenced from tr9_agree.o(.constdata)
 <LI><a href="#[183]">tr9_version_mess</a> from tr9_agree.o(i.tr9_version_mess) referenced from tr9_agree.o(.constdata)
 <LI><a href="#[167]">tr9_video_status</a> from tr9_agree.o(i.tr9_video_status) referenced from tr9_agree.o(.constdata)
 <LI><a href="#[e5]">up_0x01</a> from data_interaction.o(i.up_0x01) referenced from data_interaction.o(.constdata)
 <LI><a href="#[e6]">up_0x02</a> from data_interaction.o(i.up_0x02) referenced from data_interaction.o(.constdata)
 <LI><a href="#[e7]">up_0x03</a> from data_interaction.o(i.up_0x03) referenced from data_interaction.o(.constdata)
 <LI><a href="#[e8]">up_0x04</a> from data_interaction.o(i.up_0x04) referenced from data_interaction.o(.constdata)
 <LI><a href="#[e9]">up_0x05</a> from data_interaction.o(i.up_0x05) referenced from data_interaction.o(.constdata)
 <LI><a href="#[ea]">up_0x07</a> from data_interaction.o(i.up_0x07) referenced from data_interaction.o(.constdata)
 <LI><a href="#[eb]">up_0x08</a> from data_interaction.o(i.up_0x08) referenced from data_interaction.o(.constdata)
 <LI><a href="#[ec]">up_0x09</a> from data_interaction.o(i.up_0x09) referenced from data_interaction.o(.constdata)
 <LI><a href="#[ed]">up_0x0c</a> from data_interaction.o(i.up_0x0c) referenced from data_interaction.o(.constdata)
 <LI><a href="#[ee]">up_0x0d</a> from data_interaction.o(i.up_0x0d) referenced from data_interaction.o(.constdata)
 <LI><a href="#[ef]">up_0x0e</a> from data_interaction.o(i.up_0x0e) referenced from data_interaction.o(.constdata)
 <LI><a href="#[f0]">up_0x11</a> from data_interaction.o(i.up_0x11) referenced from data_interaction.o(.constdata)
 <LI><a href="#[f1]">up_0x15</a> from data_interaction.o(i.up_0x15) referenced from data_interaction.o(.constdata)
 <LI><a href="#[f2]">up_0x19</a> from data_interaction.o(i.up_0x19) referenced from data_interaction.o(.constdata)
 <LI><a href="#[f3]">up_0x1c</a> from data_interaction.o(i.up_0x1c) referenced from data_interaction.o(.constdata)
 <LI><a href="#[f4]">up_0x1d</a> from data_interaction.o(i.up_0x1d) referenced from data_interaction.o(.constdata)
 <LI><a href="#[f5]">up_0x1f</a> from data_interaction.o(i.up_0x1f) referenced from data_interaction.o(.constdata)
 <LI><a href="#[f6]">up_0x20</a> from data_interaction.o(i.up_0x20) referenced from data_interaction.o(.constdata)
 <LI><a href="#[f7]">up_0x21</a> from data_interaction.o(i.up_0x21) referenced from data_interaction.o(.constdata)
 <LI><a href="#[f8]">up_0x22</a> from data_interaction.o(i.up_0x22) referenced from data_interaction.o(.constdata)
 <LI><a href="#[f9]">up_0x24</a> from data_interaction.o(i.up_0x24) referenced from data_interaction.o(.constdata)
 <LI><a href="#[fa]">up_0x25</a> from data_interaction.o(i.up_0x25) referenced from data_interaction.o(.constdata)
 <LI><a href="#[fb]">up_0x26</a> from data_interaction.o(i.up_0x26) referenced from data_interaction.o(.constdata)
 <LI><a href="#[fc]">up_0x27</a> from data_interaction.o(i.up_0x27) referenced from data_interaction.o(.constdata)
 <LI><a href="#[fd]">up_0x38</a> from data_interaction.o(i.up_0x38) referenced from data_interaction.o(.constdata)
 <LI><a href="#[fe]">up_0x39</a> from data_interaction.o(i.up_0x39) referenced from data_interaction.o(.constdata)
 <LI><a href="#[ff]">up_0x41</a> from data_interaction.o(i.up_0x41) referenced from data_interaction.o(.constdata)
 <LI><a href="#[100]">up_0x45</a> from data_interaction.o(i.up_0x45) referenced from data_interaction.o(.constdata)
 <LI><a href="#[101]">up_0x47</a> from data_interaction.o(i.up_0x47) referenced from data_interaction.o(.constdata)
 <LI><a href="#[102]">up_0x48</a> from data_interaction.o(i.up_0x48) referenced from data_interaction.o(.constdata)
 <LI><a href="#[103]">up_0x60</a> from data_interaction.o(i.up_0x60) referenced from data_interaction.o(.constdata)
 <LI><a href="#[104]">up_0x61</a> from data_interaction.o(i.up_0x61) referenced from data_interaction.o(.constdata)
 <LI><a href="#[105]">up_0x62</a> from data_interaction.o(i.up_0x62) referenced from data_interaction.o(.constdata)
 <LI><a href="#[106]">up_0x63</a> from data_interaction.o(i.up_0x63) referenced from data_interaction.o(.constdata)
 <LI><a href="#[107]">up_0x66</a> from data_interaction.o(i.up_0x66) referenced from data_interaction.o(.constdata)
 <LI><a href="#[108]">up_0x6a</a> from data_interaction.o(i.up_0x6a) referenced from data_interaction.o(.constdata)
 <LI><a href="#[109]">up_0xee_0x0000</a> from data_interaction.o(i.up_0xee_0x0000) referenced from data_interaction.o(.constdata)
 <LI><a href="#[10a]">up_0xee_0x0003</a> from data_interaction.o(i.up_0xee_0x0003) referenced from data_interaction.o(.constdata)
 <LI><a href="#[10b]">up_0xee_0x0100</a> from data_interaction.o(i.up_0xee_0x0100) referenced from data_interaction.o(.constdata)
 <LI><a href="#[10c]">up_0xee_0x0102</a> from data_interaction.o(i.up_0xee_0x0102) referenced from data_interaction.o(.constdata)
 <LI><a href="#[10d]">up_0xee_0x0301</a> from data_interaction.o(i.up_0xee_0x0301) referenced from data_interaction.o(.constdata)
 <LI><a href="#[10e]">up_0xee_0x0302</a> from data_interaction.o(i.up_0xee_0x0302) referenced from data_interaction.o(.constdata)
 <LI><a href="#[10f]">up_0xee_0x0303</a> from data_interaction.o(i.up_0xee_0x0303) referenced from data_interaction.o(.constdata)
 <LI><a href="#[110]">up_0xee_0x0701</a> from data_interaction.o(i.up_0xee_0x0701) referenced from data_interaction.o(.constdata)
 <LI><a href="#[111]">up_0xee_0x0702</a> from data_interaction.o(i.up_0xee_0x0702) referenced from data_interaction.o(.constdata)
</UL>
<P>
<H3>
Global Symbols
</H3>
<P><STRONG><a name="[76]"></a>__main</STRONG> (Thumb, 0 bytes, Stack size unknown bytes, entry.o(.ARM.Collect$$$$00000000))
<BR>[Address Reference Count : 1]<UL><LI> startup_stm32f10x_cl.o(.text)
</UL>
<P><STRONG><a name="[4c9]"></a>_main_stk</STRONG> (Thumb, 0 bytes, Stack size unknown bytes, entry2.o(.ARM.Collect$$$$00000001))

<P><STRONG><a name="[19e]"></a>_main_scatterload</STRONG> (Thumb, 0 bytes, Stack size unknown bytes, entry5.o(.ARM.Collect$$$$00000004))
<BR><BR>[Calls]<UL><LI><a href="#[19f]">&gt;&gt;</a>&nbsp;&nbsp;&nbsp;__scatterload
</UL>

<P><STRONG><a name="[1c5]"></a>__main_after_scatterload</STRONG> (Thumb, 0 bytes, Stack size unknown bytes, entry5.o(.ARM.Collect$$$$00000004))
<BR><BR>[Called By]<UL><LI><a href="#[19f]">&gt;&gt;</a>&nbsp;&nbsp;&nbsp;__scatterload
</UL>

<P><STRONG><a name="[4ca]"></a>_main_clock</STRONG> (Thumb, 0 bytes, Stack size unknown bytes, entry7b.o(.ARM.Collect$$$$00000008))

<P><STRONG><a name="[4cb]"></a>_main_cpp_init</STRONG> (Thumb, 0 bytes, Stack size unknown bytes, entry8b.o(.ARM.Collect$$$$0000000A))

<P><STRONG><a name="[4cc]"></a>_main_init</STRONG> (Thumb, 0 bytes, Stack size unknown bytes, entry9a.o(.ARM.Collect$$$$0000000B))

<P><STRONG><a name="[4cd]"></a>__rt_lib_shutdown_fini</STRONG> (Thumb, 0 bytes, Stack size unknown bytes, entry12b.o(.ARM.Collect$$$$0000000E))

<P><STRONG><a name="[4ce]"></a>__rt_final_cpp</STRONG> (Thumb, 0 bytes, Stack size unknown bytes, entry10a.o(.ARM.Collect$$$$0000000F))

<P><STRONG><a name="[4cf]"></a>__rt_final_exit</STRONG> (Thumb, 0 bytes, Stack size unknown bytes, entry11a.o(.ARM.Collect$$$$00000011))

<P><STRONG><a name="[2d]"></a>Reset_Handler</STRONG> (Thumb, 8 bytes, Stack size 0 bytes, startup_stm32f10x_cl.o(.text))
<BR>[Address Reference Count : 1]<UL><LI> startup_stm32f10x_cl.o(RESET)
</UL>
<P><STRONG><a name="[49]"></a>ADC1_2_IRQHandler</STRONG> (Thumb, 0 bytes, Stack size 0 bytes, startup_stm32f10x_cl.o(.text))
<BR><BR>[Calls]<UL><LI><a href="#[49]">&gt;&gt;</a>&nbsp;&nbsp;&nbsp;ADC1_2_IRQHandler
</UL>
<BR>[Called By]<UL><LI><a href="#[49]">&gt;&gt;</a>&nbsp;&nbsp;&nbsp;ADC1_2_IRQHandler
</UL>
<BR>[Address Reference Count : 1]<UL><LI> startup_stm32f10x_cl.o(RESET)
</UL>
<P><STRONG><a name="[4c]"></a>CAN1_RX1_IRQHandler</STRONG> (Thumb, 0 bytes, Stack size 0 bytes, startup_stm32f10x_cl.o(.text))
<BR>[Address Reference Count : 1]<UL><LI> startup_stm32f10x_cl.o(RESET)
</UL>
<P><STRONG><a name="[71]"></a>CAN2_RX1_IRQHandler</STRONG> (Thumb, 0 bytes, Stack size 0 bytes, startup_stm32f10x_cl.o(.text))
<BR>[Address Reference Count : 1]<UL><LI> startup_stm32f10x_cl.o(RESET)
</UL>
<P><STRONG><a name="[42]"></a>DMA1_Channel1_IRQHandler</STRONG> (Thumb, 0 bytes, Stack size 0 bytes, startup_stm32f10x_cl.o(.text))
<BR>[Address Reference Count : 1]<UL><LI> startup_stm32f10x_cl.o(RESET)
</UL>
<P><STRONG><a name="[43]"></a>DMA1_Channel2_IRQHandler</STRONG> (Thumb, 0 bytes, Stack size 0 bytes, startup_stm32f10x_cl.o(.text))
<BR>[Address Reference Count : 1]<UL><LI> startup_stm32f10x_cl.o(RESET)
</UL>
<P><STRONG><a name="[44]"></a>DMA1_Channel3_IRQHandler</STRONG> (Thumb, 0 bytes, Stack size 0 bytes, startup_stm32f10x_cl.o(.text))
<BR>[Address Reference Count : 1]<UL><LI> startup_stm32f10x_cl.o(RESET)
</UL>
<P><STRONG><a name="[45]"></a>DMA1_Channel4_IRQHandler</STRONG> (Thumb, 0 bytes, Stack size 0 bytes, startup_stm32f10x_cl.o(.text))
<BR>[Address Reference Count : 1]<UL><LI> startup_stm32f10x_cl.o(RESET)
</UL>
<P><STRONG><a name="[46]"></a>DMA1_Channel5_IRQHandler</STRONG> (Thumb, 0 bytes, Stack size 0 bytes, startup_stm32f10x_cl.o(.text))
<BR>[Address Reference Count : 1]<UL><LI> startup_stm32f10x_cl.o(RESET)
</UL>
<P><STRONG><a name="[47]"></a>DMA1_Channel6_IRQHandler</STRONG> (Thumb, 0 bytes, Stack size 0 bytes, startup_stm32f10x_cl.o(.text))
<BR>[Address Reference Count : 1]<UL><LI> startup_stm32f10x_cl.o(RESET)
</UL>
<P><STRONG><a name="[48]"></a>DMA1_Channel7_IRQHandler</STRONG> (Thumb, 0 bytes, Stack size 0 bytes, startup_stm32f10x_cl.o(.text))
<BR>[Address Reference Count : 1]<UL><LI> startup_stm32f10x_cl.o(RESET)
</UL>
<P><STRONG><a name="[68]"></a>DMA2_Channel1_IRQHandler</STRONG> (Thumb, 0 bytes, Stack size 0 bytes, startup_stm32f10x_cl.o(.text))
<BR>[Address Reference Count : 1]<UL><LI> startup_stm32f10x_cl.o(RESET)
</UL>
<P><STRONG><a name="[69]"></a>DMA2_Channel2_IRQHandler</STRONG> (Thumb, 0 bytes, Stack size 0 bytes, startup_stm32f10x_cl.o(.text))
<BR>[Address Reference Count : 1]<UL><LI> startup_stm32f10x_cl.o(RESET)
</UL>
<P><STRONG><a name="[6a]"></a>DMA2_Channel3_IRQHandler</STRONG> (Thumb, 0 bytes, Stack size 0 bytes, startup_stm32f10x_cl.o(.text))
<BR>[Address Reference Count : 1]<UL><LI> startup_stm32f10x_cl.o(RESET)
</UL>
<P><STRONG><a name="[6b]"></a>DMA2_Channel4_IRQHandler</STRONG> (Thumb, 0 bytes, Stack size 0 bytes, startup_stm32f10x_cl.o(.text))
<BR>[Address Reference Count : 1]<UL><LI> startup_stm32f10x_cl.o(RESET)
</UL>
<P><STRONG><a name="[6c]"></a>DMA2_Channel5_IRQHandler</STRONG> (Thumb, 0 bytes, Stack size 0 bytes, startup_stm32f10x_cl.o(.text))
<BR>[Address Reference Count : 1]<UL><LI> startup_stm32f10x_cl.o(RESET)
</UL>
<P><STRONG><a name="[6d]"></a>ETH_IRQHandler</STRONG> (Thumb, 0 bytes, Stack size 0 bytes, startup_stm32f10x_cl.o(.text))
<BR>[Address Reference Count : 1]<UL><LI> startup_stm32f10x_cl.o(RESET)
</UL>
<P><STRONG><a name="[6e]"></a>ETH_WKUP_IRQHandler</STRONG> (Thumb, 0 bytes, Stack size 0 bytes, startup_stm32f10x_cl.o(.text))
<BR>[Address Reference Count : 1]<UL><LI> startup_stm32f10x_cl.o(RESET)
</UL>
<P><STRONG><a name="[3d]"></a>EXTI0_IRQHandler</STRONG> (Thumb, 0 bytes, Stack size 0 bytes, startup_stm32f10x_cl.o(.text))
<BR>[Address Reference Count : 1]<UL><LI> startup_stm32f10x_cl.o(RESET)
</UL>
<P><STRONG><a name="[3e]"></a>EXTI1_IRQHandler</STRONG> (Thumb, 0 bytes, Stack size 0 bytes, startup_stm32f10x_cl.o(.text))
<BR>[Address Reference Count : 1]<UL><LI> startup_stm32f10x_cl.o(RESET)
</UL>
<P><STRONG><a name="[3f]"></a>EXTI2_IRQHandler</STRONG> (Thumb, 0 bytes, Stack size 0 bytes, startup_stm32f10x_cl.o(.text))
<BR>[Address Reference Count : 1]<UL><LI> startup_stm32f10x_cl.o(RESET)
</UL>
<P><STRONG><a name="[40]"></a>EXTI3_IRQHandler</STRONG> (Thumb, 0 bytes, Stack size 0 bytes, startup_stm32f10x_cl.o(.text))
<BR>[Address Reference Count : 1]<UL><LI> startup_stm32f10x_cl.o(RESET)
</UL>
<P><STRONG><a name="[41]"></a>EXTI4_IRQHandler</STRONG> (Thumb, 0 bytes, Stack size 0 bytes, startup_stm32f10x_cl.o(.text))
<BR>[Address Reference Count : 1]<UL><LI> startup_stm32f10x_cl.o(RESET)
</UL>
<P><STRONG><a name="[4e]"></a>EXTI9_5_IRQHandler</STRONG> (Thumb, 0 bytes, Stack size 0 bytes, startup_stm32f10x_cl.o(.text))
<BR>[Address Reference Count : 1]<UL><LI> startup_stm32f10x_cl.o(RESET)
</UL>
<P><STRONG><a name="[3b]"></a>FLASH_IRQHandler</STRONG> (Thumb, 0 bytes, Stack size 0 bytes, startup_stm32f10x_cl.o(.text))
<BR>[Address Reference Count : 1]<UL><LI> startup_stm32f10x_cl.o(RESET)
</UL>
<P><STRONG><a name="[57]"></a>I2C1_ER_IRQHandler</STRONG> (Thumb, 0 bytes, Stack size 0 bytes, startup_stm32f10x_cl.o(.text))
<BR>[Address Reference Count : 1]<UL><LI> startup_stm32f10x_cl.o(RESET)
</UL>
<P><STRONG><a name="[56]"></a>I2C1_EV_IRQHandler</STRONG> (Thumb, 0 bytes, Stack size 0 bytes, startup_stm32f10x_cl.o(.text))
<BR>[Address Reference Count : 1]<UL><LI> startup_stm32f10x_cl.o(RESET)
</UL>
<P><STRONG><a name="[59]"></a>I2C2_ER_IRQHandler</STRONG> (Thumb, 0 bytes, Stack size 0 bytes, startup_stm32f10x_cl.o(.text))
<BR>[Address Reference Count : 1]<UL><LI> startup_stm32f10x_cl.o(RESET)
</UL>
<P><STRONG><a name="[58]"></a>I2C2_EV_IRQHandler</STRONG> (Thumb, 0 bytes, Stack size 0 bytes, startup_stm32f10x_cl.o(.text))
<BR>[Address Reference Count : 1]<UL><LI> startup_stm32f10x_cl.o(RESET)
</UL>
<P><STRONG><a name="[61]"></a>OTG_FS_WKUP_IRQHandler</STRONG> (Thumb, 0 bytes, Stack size 0 bytes, startup_stm32f10x_cl.o(.text))
<BR>[Address Reference Count : 1]<UL><LI> startup_stm32f10x_cl.o(RESET)
</UL>
<P><STRONG><a name="[38]"></a>PVD_IRQHandler</STRONG> (Thumb, 0 bytes, Stack size 0 bytes, startup_stm32f10x_cl.o(.text))
<BR>[Address Reference Count : 1]<UL><LI> startup_stm32f10x_cl.o(RESET)
</UL>
<P><STRONG><a name="[3c]"></a>RCC_IRQHandler</STRONG> (Thumb, 0 bytes, Stack size 0 bytes, startup_stm32f10x_cl.o(.text))
<BR>[Address Reference Count : 1]<UL><LI> startup_stm32f10x_cl.o(RESET)
</UL>
<P><STRONG><a name="[60]"></a>RTCAlarm_IRQHandler</STRONG> (Thumb, 0 bytes, Stack size 0 bytes, startup_stm32f10x_cl.o(.text))
<BR>[Address Reference Count : 1]<UL><LI> startup_stm32f10x_cl.o(RESET)
</UL>
<P><STRONG><a name="[3a]"></a>RTC_IRQHandler</STRONG> (Thumb, 0 bytes, Stack size 0 bytes, startup_stm32f10x_cl.o(.text))
<BR>[Address Reference Count : 1]<UL><LI> startup_stm32f10x_cl.o(RESET)
</UL>
<P><STRONG><a name="[5a]"></a>SPI1_IRQHandler</STRONG> (Thumb, 0 bytes, Stack size 0 bytes, startup_stm32f10x_cl.o(.text))
<BR>[Address Reference Count : 1]<UL><LI> startup_stm32f10x_cl.o(RESET)
</UL>
<P><STRONG><a name="[5b]"></a>SPI2_IRQHandler</STRONG> (Thumb, 0 bytes, Stack size 0 bytes, startup_stm32f10x_cl.o(.text))
<BR>[Address Reference Count : 1]<UL><LI> startup_stm32f10x_cl.o(RESET)
</UL>
<P><STRONG><a name="[63]"></a>SPI3_IRQHandler</STRONG> (Thumb, 0 bytes, Stack size 0 bytes, startup_stm32f10x_cl.o(.text))
<BR>[Address Reference Count : 1]<UL><LI> startup_stm32f10x_cl.o(RESET)
</UL>
<P><STRONG><a name="[39]"></a>TAMPER_IRQHandler</STRONG> (Thumb, 0 bytes, Stack size 0 bytes, startup_stm32f10x_cl.o(.text))
<BR>[Address Reference Count : 1]<UL><LI> startup_stm32f10x_cl.o(RESET)
</UL>
<P><STRONG><a name="[4f]"></a>TIM1_BRK_IRQHandler</STRONG> (Thumb, 0 bytes, Stack size 0 bytes, startup_stm32f10x_cl.o(.text))
<BR>[Address Reference Count : 1]<UL><LI> startup_stm32f10x_cl.o(RESET)
</UL>
<P><STRONG><a name="[52]"></a>TIM1_CC_IRQHandler</STRONG> (Thumb, 0 bytes, Stack size 0 bytes, startup_stm32f10x_cl.o(.text))
<BR>[Address Reference Count : 1]<UL><LI> startup_stm32f10x_cl.o(RESET)
</UL>
<P><STRONG><a name="[51]"></a>TIM1_TRG_COM_IRQHandler</STRONG> (Thumb, 0 bytes, Stack size 0 bytes, startup_stm32f10x_cl.o(.text))
<BR>[Address Reference Count : 1]<UL><LI> startup_stm32f10x_cl.o(RESET)
</UL>
<P><STRONG><a name="[50]"></a>TIM1_UP_IRQHandler</STRONG> (Thumb, 0 bytes, Stack size 0 bytes, startup_stm32f10x_cl.o(.text))
<BR>[Address Reference Count : 1]<UL><LI> startup_stm32f10x_cl.o(RESET)
</UL>
<P><STRONG><a name="[54]"></a>TIM3_IRQHandler</STRONG> (Thumb, 0 bytes, Stack size 0 bytes, startup_stm32f10x_cl.o(.text))
<BR>[Address Reference Count : 1]<UL><LI> startup_stm32f10x_cl.o(RESET)
</UL>
<P><STRONG><a name="[62]"></a>TIM5_IRQHandler</STRONG> (Thumb, 0 bytes, Stack size 0 bytes, startup_stm32f10x_cl.o(.text))
<BR>[Address Reference Count : 1]<UL><LI> startup_stm32f10x_cl.o(RESET)
</UL>
<P><STRONG><a name="[67]"></a>TIM7_IRQHandler</STRONG> (Thumb, 0 bytes, Stack size 0 bytes, startup_stm32f10x_cl.o(.text))
<BR>[Address Reference Count : 1]<UL><LI> startup_stm32f10x_cl.o(RESET)
</UL>
<P><STRONG><a name="[37]"></a>WWDG_IRQHandler</STRONG> (Thumb, 0 bytes, Stack size 0 bytes, startup_stm32f10x_cl.o(.text))
<BR>[Address Reference Count : 1]<UL><LI> startup_stm32f10x_cl.o(RESET)
</UL>
<P><STRONG><a name="[47c]"></a>rand</STRONG> (Thumb, 20 bytes, Stack size 0 bytes, rand.o(.text))
<BR><BR>[Called By]<UL><LI><a href="#[41f]">&gt;&gt;</a>&nbsp;&nbsp;&nbsp;rcd_data_inport
</UL>

<P><STRONG><a name="[4d0]"></a>srand</STRONG> (Thumb, 6 bytes, Stack size 0 bytes, rand.o(.text), UNUSED)

<P><STRONG><a name="[320]"></a>__aeabi_memcpy</STRONG> (Thumb, 36 bytes, Stack size 0 bytes, memcpya.o(.text))
<BR><BR>[Called By]<UL><LI><a href="#[3fe]">&gt;&gt;</a>&nbsp;&nbsp;&nbsp;load_print_data
<LI><a href="#[21]">&gt;&gt;</a>&nbsp;&nbsp;&nbsp;mo_telephone_hdl
<LI><a href="#[3]">&gt;&gt;</a>&nbsp;&nbsp;&nbsp;mo_recorder_state_hdl
<LI><a href="#[2]">&gt;&gt;</a>&nbsp;&nbsp;&nbsp;mo_gps_infor2_hdl
<LI><a href="#[3ee]">&gt;&gt;</a>&nbsp;&nbsp;&nbsp;key_3rd_phone_records_hdl
<LI><a href="#[315]">&gt;&gt;</a>&nbsp;&nbsp;&nbsp;lcd_dis_one_page
<LI><a href="#[d8]">&gt;&gt;</a>&nbsp;&nbsp;&nbsp;down_0xa7
<LI><a href="#[d6]">&gt;&gt;</a>&nbsp;&nbsp;&nbsp;down_0xa5
<LI><a href="#[3f2]">&gt;&gt;</a>&nbsp;&nbsp;&nbsp;khd_set_card_message
<LI><a href="#[468]">&gt;&gt;</a>&nbsp;&nbsp;&nbsp;print_font_convert
<LI><a href="#[456]">&gt;&gt;</a>&nbsp;&nbsp;&nbsp;printer03_MDT
<LI><a href="#[45d]">&gt;&gt;</a>&nbsp;&nbsp;&nbsp;print12_mdt
</UL>

<P><STRONG><a name="[31e]"></a>__aeabi_memcpy4</STRONG> (Thumb, 0 bytes, Stack size 0 bytes, memcpya.o(.text))
<BR><BR>[Called By]<UL><LI><a href="#[4b3]">&gt;&gt;</a>&nbsp;&nbsp;&nbsp;tr9_Auto_start
<LI><a href="#[381]">&gt;&gt;</a>&nbsp;&nbsp;&nbsp;print_data_init
<LI><a href="#[385]">&gt;&gt;</a>&nbsp;&nbsp;&nbsp;lcd13264_data_init
<LI><a href="#[384]">&gt;&gt;</a>&nbsp;&nbsp;&nbsp;iic_base_data_init
<LI><a href="#[383]">&gt;&gt;</a>&nbsp;&nbsp;&nbsp;ic4442_data_init
<LI><a href="#[380]">&gt;&gt;</a>&nbsp;&nbsp;&nbsp;hard_memory_init
<LI><a href="#[26]">&gt;&gt;</a>&nbsp;&nbsp;&nbsp;mo_phbk_display_hdl
<LI><a href="#[d6]">&gt;&gt;</a>&nbsp;&nbsp;&nbsp;down_0xa5
<LI><a href="#[4ba]">&gt;&gt;</a>&nbsp;&nbsp;&nbsp;tr9_copy_jt808_to_mcu
</UL>

<P><STRONG><a name="[4d1]"></a>__aeabi_memcpy8</STRONG> (Thumb, 0 bytes, Stack size 0 bytes, memcpya.o(.text), UNUSED)

<P><STRONG><a name="[1a1]"></a>__aeabi_memset</STRONG> (Thumb, 14 bytes, Stack size 0 bytes, memseta.o(.text))
<BR><BR>[Called By]<UL><LI><a href="#[1a2]">&gt;&gt;</a>&nbsp;&nbsp;&nbsp;_memset$wrapper
<LI><a href="#[1a0]">&gt;&gt;</a>&nbsp;&nbsp;&nbsp;__aeabi_memclr
</UL>

<P><STRONG><a name="[4d2]"></a>__aeabi_memset4</STRONG> (Thumb, 0 bytes, Stack size 0 bytes, memseta.o(.text), UNUSED)

<P><STRONG><a name="[4d3]"></a>__aeabi_memset8</STRONG> (Thumb, 0 bytes, Stack size 0 bytes, memseta.o(.text), UNUSED)

<P><STRONG><a name="[1a0]"></a>__aeabi_memclr</STRONG> (Thumb, 4 bytes, Stack size 0 bytes, memseta.o(.text))
<BR><BR>[Calls]<UL><LI><a href="#[1a1]">&gt;&gt;</a>&nbsp;&nbsp;&nbsp;__aeabi_memset
</UL>
<BR>[Called By]<UL><LI><a href="#[478]">&gt;&gt;</a>&nbsp;&nbsp;&nbsp;rcd_accident_manage
</UL>

<P><STRONG><a name="[2b0]"></a>__aeabi_memclr4</STRONG> (Thumb, 0 bytes, Stack size 0 bytes, memseta.o(.text))
<BR><BR>[Called By]<UL><LI><a href="#[4b3]">&gt;&gt;</a>&nbsp;&nbsp;&nbsp;tr9_Auto_start
<LI><a href="#[349]">&gt;&gt;</a>&nbsp;&nbsp;&nbsp;printf_gsm
<LI><a href="#[3ad]">&gt;&gt;</a>&nbsp;&nbsp;&nbsp;print_driver_init
<LI><a href="#[4b9]">&gt;&gt;</a>&nbsp;&nbsp;&nbsp;tr9_comm_pass
<LI><a href="#[4c4]">&gt;&gt;</a>&nbsp;&nbsp;&nbsp;uart4_recive_task
<LI><a href="#[2b2]">&gt;&gt;</a>&nbsp;&nbsp;&nbsp;sms_send
<LI><a href="#[2c4]">&gt;&gt;</a>&nbsp;&nbsp;&nbsp;print12_rcd_infomation
<LI><a href="#[2c3]">&gt;&gt;</a>&nbsp;&nbsp;&nbsp;print03_rcd_infomation
<LI><a href="#[1e4]">&gt;&gt;</a>&nbsp;&nbsp;&nbsp;pack_tr9_data
<LI><a href="#[2cc]">&gt;&gt;</a>&nbsp;&nbsp;&nbsp;pack_register_info
<LI><a href="#[2c0]">&gt;&gt;</a>&nbsp;&nbsp;&nbsp;set_car_mess_to_tr9
<LI><a href="#[2cf]">&gt;&gt;</a>&nbsp;&nbsp;&nbsp;handle_send_ext_msg
<LI><a href="#[2b8]">&gt;&gt;</a>&nbsp;&nbsp;&nbsp;handle_send_base_msg
<LI><a href="#[379]">&gt;&gt;</a>&nbsp;&nbsp;&nbsp;handle_send_0xa0_info
<LI><a href="#[a8]">&gt;&gt;</a>&nbsp;&nbsp;&nbsp;analyse_0x20_driver_qualification
<LI><a href="#[a7]">&gt;&gt;</a>&nbsp;&nbsp;&nbsp;analyse_0x1f_driver_code
<LI><a href="#[b9]">&gt;&gt;</a>&nbsp;&nbsp;&nbsp;analyse_0xee_extend
<LI><a href="#[be]">&gt;&gt;</a>&nbsp;&nbsp;&nbsp;analyse_0xc2_iccard
<LI><a href="#[bd]">&gt;&gt;</a>&nbsp;&nbsp;&nbsp;analyse_0x6a_set_print_type
<LI><a href="#[bc]">&gt;&gt;</a>&nbsp;&nbsp;&nbsp;analyse_0x66_set_car_type
<LI><a href="#[b8]">&gt;&gt;</a>&nbsp;&nbsp;&nbsp;analyse_0x63_set_terminal_id
<LI><a href="#[b7]">&gt;&gt;</a>&nbsp;&nbsp;&nbsp;analyse_0x62_set_terminal_type
<LI><a href="#[b6]">&gt;&gt;</a>&nbsp;&nbsp;&nbsp;analyse_0x61_set_city_id
<LI><a href="#[b5]">&gt;&gt;</a>&nbsp;&nbsp;&nbsp;analyse_0x60_set_province_id
<LI><a href="#[ad]">&gt;&gt;</a>&nbsp;&nbsp;&nbsp;analyse_0x27_mfg_code
<LI><a href="#[ac]">&gt;&gt;</a>&nbsp;&nbsp;&nbsp;analyse_0x26_car_class
<LI><a href="#[ab]">&gt;&gt;</a>&nbsp;&nbsp;&nbsp;analyse_0x25_any_uart
<LI><a href="#[aa]">&gt;&gt;</a>&nbsp;&nbsp;&nbsp;analyse_0x24_set_apn
<LI><a href="#[a9]">&gt;&gt;</a>&nbsp;&nbsp;&nbsp;analyse_0x21_speed_type
<LI><a href="#[a6]">&gt;&gt;</a>&nbsp;&nbsp;&nbsp;analyse_0x1e_car_type
<LI><a href="#[a5]">&gt;&gt;</a>&nbsp;&nbsp;&nbsp;analyse_0x1d_car_number
<LI><a href="#[a4]">&gt;&gt;</a>&nbsp;&nbsp;&nbsp;analyse_0x1c_set_car_vin
<LI><a href="#[ba]">&gt;&gt;</a>&nbsp;&nbsp;&nbsp;analyse_0x19_Set_speed_plus
<LI><a href="#[a2]">&gt;&gt;</a>&nbsp;&nbsp;&nbsp;analyse_0x14_set_apn
<LI><a href="#[a1]">&gt;&gt;</a>&nbsp;&nbsp;&nbsp;analyse_0x11_handle
<LI><a href="#[9f]">&gt;&gt;</a>&nbsp;&nbsp;&nbsp;analyse_0x05_set_sms
<LI><a href="#[9e]">&gt;&gt;</a>&nbsp;&nbsp;&nbsp;analyse_0x04_set_id
<LI><a href="#[9d]">&gt;&gt;</a>&nbsp;&nbsp;&nbsp;analyse_0x03_set_ip
<LI><a href="#[9c]">&gt;&gt;</a>&nbsp;&nbsp;&nbsp;analyse_0x02_send_sms
<LI><a href="#[9b]">&gt;&gt;</a>&nbsp;&nbsp;&nbsp;analyse_0x01_send_msg
<LI><a href="#[35f]">&gt;&gt;</a>&nbsp;&nbsp;&nbsp;gps_verify_gga
<LI><a href="#[417]">&gt;&gt;</a>&nbsp;&nbsp;&nbsp;upgrade_program_task
<LI><a href="#[41a]">&gt;&gt;</a>&nbsp;&nbsp;&nbsp;terminal_login_task
<LI><a href="#[39a]">&gt;&gt;</a>&nbsp;&nbsp;&nbsp;ic_card_to_tr9
<LI><a href="#[36a]">&gt;&gt;</a>&nbsp;&nbsp;&nbsp;gsm_handle_task
<LI><a href="#[74]">&gt;&gt;</a>&nbsp;&nbsp;&nbsp;main
<LI><a href="#[1e2]">&gt;&gt;</a>&nbsp;&nbsp;&nbsp;send_base_report
<LI><a href="#[43d]">&gt;&gt;</a>&nbsp;&nbsp;&nbsp;tr9_6044_task
<LI><a href="#[2b]">&gt;&gt;</a>&nbsp;&nbsp;&nbsp;mo_timeout_driving_hal
<LI><a href="#[2c]">&gt;&gt;</a>&nbsp;&nbsp;&nbsp;mo_speed_record_hal
<LI><a href="#[3]">&gt;&gt;</a>&nbsp;&nbsp;&nbsp;mo_recorder_state_hdl
<LI><a href="#[2]">&gt;&gt;</a>&nbsp;&nbsp;&nbsp;mo_gps_infor2_hdl
<LI><a href="#[1]">&gt;&gt;</a>&nbsp;&nbsp;&nbsp;mo_gps_infor1_hdl
<LI><a href="#[327]">&gt;&gt;</a>&nbsp;&nbsp;&nbsp;sms_data_flash_init
<LI><a href="#[e8]">&gt;&gt;</a>&nbsp;&nbsp;&nbsp;up_0x04
<LI><a href="#[c6]">&gt;&gt;</a>&nbsp;&nbsp;&nbsp;down_0x23
<LI><a href="#[32a]">&gt;&gt;</a>&nbsp;&nbsp;&nbsp;mcu_flash_write_import_parameters
<LI><a href="#[44b]">&gt;&gt;</a>&nbsp;&nbsp;&nbsp;pack_gps_base_info
<LI><a href="#[3f2]">&gt;&gt;</a>&nbsp;&nbsp;&nbsp;khd_set_card_message
<LI><a href="#[130]">&gt;&gt;</a>&nbsp;&nbsp;&nbsp;rec_vehi_control
<LI><a href="#[12b]">&gt;&gt;</a>&nbsp;&nbsp;&nbsp;rec_send_message
<LI><a href="#[126]">&gt;&gt;</a>&nbsp;&nbsp;&nbsp;rec_get_terminal_property
<LI><a href="#[11c]">&gt;&gt;</a>&nbsp;&nbsp;&nbsp;gsm_tts_handle
<LI><a href="#[11b]">&gt;&gt;</a>&nbsp;&nbsp;&nbsp;gsm_send_sms_pdu
<LI><a href="#[119]">&gt;&gt;</a>&nbsp;&nbsp;&nbsp;gsm_recv_sms
<LI><a href="#[34d]">&gt;&gt;</a>&nbsp;&nbsp;&nbsp;gprs2_connect
<LI><a href="#[468]">&gt;&gt;</a>&nbsp;&nbsp;&nbsp;print_font_convert
<LI><a href="#[3db]">&gt;&gt;</a>&nbsp;&nbsp;&nbsp;save_rcd_speed_pointer
<LI><a href="#[47f]">&gt;&gt;</a>&nbsp;&nbsp;&nbsp;rcd_driver_data_write
<LI><a href="#[13e]">&gt;&gt;</a>&nbsp;&nbsp;&nbsp;net_idle
<LI><a href="#[457]">&gt;&gt;</a>&nbsp;&nbsp;&nbsp;print03_speed
<LI><a href="#[454]">&gt;&gt;</a>&nbsp;&nbsp;&nbsp;print03_fatigue
<LI><a href="#[453]">&gt;&gt;</a>&nbsp;&nbsp;&nbsp;print03_driver
<LI><a href="#[452]">&gt;&gt;</a>&nbsp;&nbsp;&nbsp;print03_car_info
<LI><a href="#[45a]">&gt;&gt;</a>&nbsp;&nbsp;&nbsp;print12_driver
<LI><a href="#[15f]">&gt;&gt;</a>&nbsp;&nbsp;&nbsp;sms_query_parameter
<LI><a href="#[255]">&gt;&gt;</a>&nbsp;&nbsp;&nbsp;rcd_send_data
<LI><a href="#[341]">&gt;&gt;</a>&nbsp;&nbsp;&nbsp;get_rcd_fatigue_index
<LI><a href="#[340]">&gt;&gt;</a>&nbsp;&nbsp;&nbsp;get_rcd_driver_index
<LI><a href="#[159]">&gt;&gt;</a>&nbsp;&nbsp;&nbsp;analyse_rcd0xE1_docimasy
<LI><a href="#[151]">&gt;&gt;</a>&nbsp;&nbsp;&nbsp;analyse_rcd0x81_license
<LI><a href="#[150]">&gt;&gt;</a>&nbsp;&nbsp;&nbsp;analyse_rcd0x15_speed_log
<LI><a href="#[14f]">&gt;&gt;</a>&nbsp;&nbsp;&nbsp;analyse_rcd0x14_parameter_log
<LI><a href="#[14e]">&gt;&gt;</a>&nbsp;&nbsp;&nbsp;analyse_rcd0x13_power_log
<LI><a href="#[14d]">&gt;&gt;</a>&nbsp;&nbsp;&nbsp;analyse_rcd0x12_driver_login
<LI><a href="#[14c]">&gt;&gt;</a>&nbsp;&nbsp;&nbsp;analyse_rcd0x11_drive_OT
<LI><a href="#[14b]">&gt;&gt;</a>&nbsp;&nbsp;&nbsp;analyse_rcd0x10_accident
<LI><a href="#[14a]">&gt;&gt;</a>&nbsp;&nbsp;&nbsp;analyse_rcd0x09_position
<LI><a href="#[149]">&gt;&gt;</a>&nbsp;&nbsp;&nbsp;analyse_rcd0x08_speed_record
<LI><a href="#[148]">&gt;&gt;</a>&nbsp;&nbsp;&nbsp;analyse_rcd0x07_unique_ID
<LI><a href="#[147]">&gt;&gt;</a>&nbsp;&nbsp;&nbsp;analyse_rcd0x06_signal_cfg
<LI><a href="#[146]">&gt;&gt;</a>&nbsp;&nbsp;&nbsp;analyse_rcd0x05_vehicle_info
<LI><a href="#[145]">&gt;&gt;</a>&nbsp;&nbsp;&nbsp;analyse_rcd0x04_plus
<LI><a href="#[144]">&gt;&gt;</a>&nbsp;&nbsp;&nbsp;analyse_rcd0x03_mileage
<LI><a href="#[143]">&gt;&gt;</a>&nbsp;&nbsp;&nbsp;analyse_rcd0x02_real_time
<LI><a href="#[142]">&gt;&gt;</a>&nbsp;&nbsp;&nbsp;analyse_rcd0x01_driver
<LI><a href="#[141]">&gt;&gt;</a>&nbsp;&nbsp;&nbsp;analyse_rcd0x00_ver
<LI><a href="#[195]">&gt;&gt;</a>&nbsp;&nbsp;&nbsp;tr9_6045_task
<LI><a href="#[194]">&gt;&gt;</a>&nbsp;&nbsp;&nbsp;tr9_6043_task
<LI><a href="#[193]">&gt;&gt;</a>&nbsp;&nbsp;&nbsp;tr9_6041_task
<LI><a href="#[191]">&gt;&gt;</a>&nbsp;&nbsp;&nbsp;tr9_603D_task
<LI><a href="#[190]">&gt;&gt;</a>&nbsp;&nbsp;&nbsp;tr9_603B_task
<LI><a href="#[17e]">&gt;&gt;</a>&nbsp;&nbsp;&nbsp;tr9_set_text_sms
<LI><a href="#[172]">&gt;&gt;</a>&nbsp;&nbsp;&nbsp;tr9_ask_jt808_2018_para
</UL>

<P><STRONG><a name="[4d4]"></a>__aeabi_memclr8</STRONG> (Thumb, 0 bytes, Stack size 0 bytes, memseta.o(.text), UNUSED)

<P><STRONG><a name="[1a2]"></a>_memset$wrapper</STRONG> (Thumb, 18 bytes, Stack size 8 bytes, memseta.o(.text), UNUSED)
<BR><BR>[Calls]<UL><LI><a href="#[1a1]">&gt;&gt;</a>&nbsp;&nbsp;&nbsp;__aeabi_memset
</UL>

<P><STRONG><a name="[43f]"></a>strlen</STRONG> (Thumb, 14 bytes, Stack size 0 bytes, strlen.o(.text))
<BR><BR>[Called By]<UL><LI><a href="#[3]">&gt;&gt;</a>&nbsp;&nbsp;&nbsp;mo_recorder_state_hdl
<LI><a href="#[17]">&gt;&gt;</a>&nbsp;&nbsp;&nbsp;mo_host_para_hdl
<LI><a href="#[2]">&gt;&gt;</a>&nbsp;&nbsp;&nbsp;mo_gps_infor2_hdl
</UL>

<P><STRONG><a name="[43b]"></a>memcmp</STRONG> (Thumb, 26 bytes, Stack size 12 bytes, memcmp.o(.text))
<BR><BR>[Stack]<UL><LI>Max Depth = 12<LI>Call Chain = memcmp
</UL>
<BR>[Called By]<UL><LI><a href="#[21]">&gt;&gt;</a>&nbsp;&nbsp;&nbsp;mo_telephone_hdl
<LI><a href="#[c]">&gt;&gt;</a>&nbsp;&nbsp;&nbsp;mo_1st_6th_1th_password_hdl
<LI><a href="#[b]">&gt;&gt;</a>&nbsp;&nbsp;&nbsp;mo_1st_5th_8th_password_hdl
<LI><a href="#[a]">&gt;&gt;</a>&nbsp;&nbsp;&nbsp;mo_1st_5th_6th_password_hdl
<LI><a href="#[9]">&gt;&gt;</a>&nbsp;&nbsp;&nbsp;mo_1st_5th_4th_password_hdl
<LI><a href="#[8]">&gt;&gt;</a>&nbsp;&nbsp;&nbsp;mo_1st_5th_1st_password_hdl
<LI><a href="#[e]">&gt;&gt;</a>&nbsp;&nbsp;&nbsp;mo_1st_1st_2nd_password_hdl
<LI><a href="#[d]">&gt;&gt;</a>&nbsp;&nbsp;&nbsp;mo_1st_1st_1st_password_hdl
</UL>

<P><STRONG><a name="[2b4]"></a>strcpy</STRONG> (Thumb, 18 bytes, Stack size 0 bytes, strcpy.o(.text))
<BR><BR>[Called By]<UL><LI><a href="#[b0]">&gt;&gt;</a>&nbsp;&nbsp;&nbsp;analyse_0x41_set_bak_ip
<LI><a href="#[9d]">&gt;&gt;</a>&nbsp;&nbsp;&nbsp;analyse_0x03_set_ip
<LI><a href="#[161]">&gt;&gt;</a>&nbsp;&nbsp;&nbsp;set_password_msg
<LI><a href="#[15e]">&gt;&gt;</a>&nbsp;&nbsp;&nbsp;sms_ota_new_ver
</UL>

<P><STRONG><a name="[2b3]"></a>strtok</STRONG> (Thumb, 62 bytes, Stack size 16 bytes, strtok.o(.text))
<BR><BR>[Stack]<UL><LI>Max Depth = 16<LI>Call Chain = strtok
</UL>
<BR>[Called By]<UL><LI><a href="#[b0]">&gt;&gt;</a>&nbsp;&nbsp;&nbsp;analyse_0x41_set_bak_ip
<LI><a href="#[9f]">&gt;&gt;</a>&nbsp;&nbsp;&nbsp;analyse_0x05_set_sms
<LI><a href="#[9d]">&gt;&gt;</a>&nbsp;&nbsp;&nbsp;analyse_0x03_set_ip
<LI><a href="#[161]">&gt;&gt;</a>&nbsp;&nbsp;&nbsp;set_password_msg
<LI><a href="#[15e]">&gt;&gt;</a>&nbsp;&nbsp;&nbsp;sms_ota_new_ver
</UL>

<P><STRONG><a name="[1a3]"></a>__0sscanf</STRONG> (Thumb, 48 bytes, Stack size 72 bytes, __0sscanf.o(.text))
<BR><BR>[Stack]<UL><LI>Max Depth = 264<LI>Call Chain = __0sscanf &rArr; __vfscanf_char &rArr; __vfscanf &rArr; _scanf_real
</UL>
<BR>[Calls]<UL><LI><a href="#[1a4]">&gt;&gt;</a>&nbsp;&nbsp;&nbsp;__vfscanf_char
</UL>
<BR>[Called By]<UL><LI><a href="#[35f]">&gt;&gt;</a>&nbsp;&nbsp;&nbsp;gps_verify_gga
</UL>

<P><STRONG><a name="[1c6]"></a>_scanf_string</STRONG> (Thumb, 224 bytes, Stack size 56 bytes, _scanf_str.o(.text))
<BR><BR>[Stack]<UL><LI>Max Depth = 56<LI>Call Chain = _scanf_string
</UL>
<BR>[Called By]<UL><LI><a href="#[1bd]">&gt;&gt;</a>&nbsp;&nbsp;&nbsp;__vfscanf
</UL>

<P><STRONG><a name="[1a5]"></a>atoi</STRONG> (Thumb, 26 bytes, Stack size 16 bytes, atoi.o(.text))
<BR><BR>[Stack]<UL><LI>Max Depth = 88<LI>Call Chain = atoi &rArr; strtol &rArr; _strtoul
</UL>
<BR>[Calls]<UL><LI><a href="#[1a7]">&gt;&gt;</a>&nbsp;&nbsp;&nbsp;strtol
<LI><a href="#[1a6]">&gt;&gt;</a>&nbsp;&nbsp;&nbsp;__aeabi_errno_addr
</UL>
<BR>[Called By]<UL><LI><a href="#[b6]">&gt;&gt;</a>&nbsp;&nbsp;&nbsp;analyse_0x61_set_city_id
<LI><a href="#[b5]">&gt;&gt;</a>&nbsp;&nbsp;&nbsp;analyse_0x60_set_province_id
<LI><a href="#[b0]">&gt;&gt;</a>&nbsp;&nbsp;&nbsp;analyse_0x41_set_bak_ip
<LI><a href="#[9d]">&gt;&gt;</a>&nbsp;&nbsp;&nbsp;analyse_0x03_set_ip
<LI><a href="#[9c]">&gt;&gt;</a>&nbsp;&nbsp;&nbsp;analyse_0x02_send_sms
<LI><a href="#[35f]">&gt;&gt;</a>&nbsp;&nbsp;&nbsp;gps_verify_gga
<LI><a href="#[360]">&gt;&gt;</a>&nbsp;&nbsp;&nbsp;gps_verify_gSA
<LI><a href="#[352]">&gt;&gt;</a>&nbsp;&nbsp;&nbsp;gps_debonce
<LI><a href="#[12b]">&gt;&gt;</a>&nbsp;&nbsp;&nbsp;rec_send_message
<LI><a href="#[24e]">&gt;&gt;</a>&nbsp;&nbsp;&nbsp;Rec_Gets_Update_Ip
<LI><a href="#[118]">&gt;&gt;</a>&nbsp;&nbsp;&nbsp;gsm_run_task
[...]
</UL>
<P><STRONG><a name="[4ba]"></a>tr9_copy_jt808_to_mcu</STRONG> (Thumb, 864 bytes, Stack size 328 bytes, tr9_agree.o(i.tr9_copy_jt808_to_mcu))
<BR><BR>[Stack]<UL><LI>Max Depth = 1936<LI>Call Chain = tr9_copy_jt808_to_mcu &rArr; pack_tr9_data &rArr; get_check_xor &rArr; _printf &rArr; __c89vsprintf
</UL>
<BR>[Calls]<UL><LI><a href="#[1da]">&gt;&gt;</a>&nbsp;&nbsp;&nbsp;_memcpy
<LI><a href="#[218]">&gt;&gt;</a>&nbsp;&nbsp;&nbsp;_memset
<LI><a href="#[2d8]">&gt;&gt;</a>&nbsp;&nbsp;&nbsp;DriverCodeBcd
<LI><a href="#[1e4]">&gt;&gt;</a>&nbsp;&nbsp;&nbsp;pack_tr9_data
<LI><a href="#[1db]">&gt;&gt;</a>&nbsp;&nbsp;&nbsp;flash_write_import_parameters
<LI><a href="#[1ef]">&gt;&gt;</a>&nbsp;&nbsp;&nbsp;_sw_endian
<LI><a href="#[2bb]">&gt;&gt;</a>&nbsp;&nbsp;&nbsp;_strcpy
<LI><a href="#[1f0]">&gt;&gt;</a>&nbsp;&nbsp;&nbsp;_memcpy_len
<LI><a href="#[300]">&gt;&gt;</a>&nbsp;&nbsp;&nbsp;_strncmp
<LI><a href="#[250]">&gt;&gt;</a>&nbsp;&nbsp;&nbsp;_strlen
<LI><a href="#[31e]">&gt;&gt;</a>&nbsp;&nbsp;&nbsp;__aeabi_memcpy4
</UL>
<BR>[Called By]<UL><LI><a href="#[170]">&gt;&gt;</a>&nbsp;&nbsp;&nbsp;tr9_set_jt808_2018_para
</UL>

<P><STRONG><a name="[168]"></a>tr9_ec20_ctrl</STRONG> (Thumb, 44 bytes, Stack size 16 bytes, tr9_agree.o(i.tr9_ec20_ctrl))
<BR><BR>[Stack]<UL><LI>Max Depth = 584<LI>Call Chain = tr9_ec20_ctrl &rArr; RK_printf &rArr; _printf &rArr; __c89vsprintf
</UL>
<BR>[Calls]<UL><LI><a href="#[4bb]">&gt;&gt;</a>&nbsp;&nbsp;&nbsp;tr9_request_reset
<LI><a href="#[1de]">&gt;&gt;</a>&nbsp;&nbsp;&nbsp;gsm_power_down
<LI><a href="#[24d]">&gt;&gt;</a>&nbsp;&nbsp;&nbsp;RK_printf
</UL>
<BR>[Address Reference Count : 1]<UL><LI> tr9_agree.o(.constdata)
</UL>
<P><STRONG><a name="[177]"></a>tr9_ic_card_pull_out</STRONG> (Thumb, 8 bytes, Stack size 0 bytes, tr9_agree.o(i.tr9_ic_card_pull_out))
<BR>[Address Reference Count : 1]<UL><LI> tr9_agree.o(.constdata)
</UL>
<P><STRONG><a name="[164]"></a>tr9_noromal_ack</STRONG> (Thumb, 26 bytes, Stack size 0 bytes, tr9_agree.o(i.tr9_noromal_ack))
<BR>[Address Reference Count : 1]<UL><LI> tr9_agree.o(.constdata)
</UL>
<P><STRONG><a name="[165]"></a>tr9_pwr_set</STRONG> (Thumb, 96 bytes, Stack size 16 bytes, tr9_agree.o(i.tr9_pwr_set))
<BR><BR>[Stack]<UL><LI>Max Depth = 1624<LI>Call Chain = tr9_pwr_set &rArr; pack_tr9_data &rArr; get_check_xor &rArr; _printf &rArr; __c89vsprintf
</UL>
<BR>[Calls]<UL><LI><a href="#[1e1]">&gt;&gt;</a>&nbsp;&nbsp;&nbsp;_printf
<LI><a href="#[1da]">&gt;&gt;</a>&nbsp;&nbsp;&nbsp;_memcpy
<LI><a href="#[1e4]">&gt;&gt;</a>&nbsp;&nbsp;&nbsp;pack_tr9_data
<LI><a href="#[2bc]">&gt;&gt;</a>&nbsp;&nbsp;&nbsp;flash_write_normal_parameters
<LI><a href="#[1ef]">&gt;&gt;</a>&nbsp;&nbsp;&nbsp;_sw_endian
</UL>
<BR>[Address Reference Count : 1]<UL><LI> tr9_agree.o(.constdata)
</UL>
<P><STRONG><a name="[182]"></a>tr9_rece_limit_speed</STRONG> (Thumb, 2 bytes, Stack size 0 bytes, tr9_agree.o(i.tr9_rece_limit_speed))
<BR>[Address Reference Count : 1]<UL><LI> tr9_agree.o(.constdata)
</UL>
<P><STRONG><a name="[180]"></a>tr9_rece_set_ip</STRONG> (Thumb, 10 bytes, Stack size 0 bytes, tr9_agree.o(i.tr9_rece_set_ip))
<BR><BR>[Stack]<UL><LI>Max Depth = 1168<LI>Call Chain = tr9_rece_set_ip &rArr; save_run_parameterer &rArr; add_struct_crc &rArr; _printf &rArr; __c89vsprintf
</UL>
<BR>[Calls]<UL><LI><a href="#[2dc]">&gt;&gt;</a>&nbsp;&nbsp;&nbsp;save_run_parameterer
</UL>
<BR>[Address Reference Count : 1]<UL><LI> tr9_agree.o(.constdata)
</UL>
<P><STRONG><a name="[181]"></a>tr9_rece_weight_data</STRONG> (Thumb, 2 bytes, Stack size 0 bytes, tr9_agree.o(i.tr9_rece_weight_data))
<BR>[Address Reference Count : 1]<UL><LI> tr9_agree.o(.constdata)
</UL>
<P><STRONG><a name="[175]"></a>tr9_request_cancel_alarm</STRONG> (Thumb, 40 bytes, Stack size 8 bytes, tr9_agree.o(i.tr9_request_cancel_alarm))
<BR><BR>[Stack]<UL><LI>Max Depth = 576<LI>Call Chain = tr9_request_cancel_alarm &rArr; RK_printf &rArr; _printf &rArr; __c89vsprintf
</UL>
<BR>[Calls]<UL><LI><a href="#[1e1]">&gt;&gt;</a>&nbsp;&nbsp;&nbsp;_printf
<LI><a href="#[24d]">&gt;&gt;</a>&nbsp;&nbsp;&nbsp;RK_printf
</UL>
<BR>[Address Reference Count : 1]<UL><LI> tr9_agree.o(.constdata)
</UL>
<P><STRONG><a name="[174]"></a>tr9_request_lcok_car</STRONG> (Thumb, 24 bytes, Stack size 8 bytes, tr9_agree.o(i.tr9_request_lcok_car))
<BR><BR>[Stack]<UL><LI>Max Depth = 576<LI>Call Chain = tr9_request_lcok_car &rArr; ctrl_relay_status &rArr; _printf &rArr; __c89vsprintf
</UL>
<BR>[Calls]<UL><LI><a href="#[2cb]">&gt;&gt;</a>&nbsp;&nbsp;&nbsp;ctrl_relay_status
<LI><a href="#[24d]">&gt;&gt;</a>&nbsp;&nbsp;&nbsp;RK_printf
</UL>
<BR>[Address Reference Count : 1]<UL><LI> tr9_agree.o(.constdata)
</UL>
<P><STRONG><a name="[17a]"></a>tr9_send_jt808_status</STRONG> (Thumb, 112 bytes, Stack size 24 bytes, tr9_agree.o(i.tr9_send_jt808_status))
<BR><BR>[Stack]<UL><LI>Max Depth = 592<LI>Call Chain = tr9_send_jt808_status &rArr; RK_printf &rArr; _printf &rArr; __c89vsprintf
</UL>
<BR>[Calls]<UL><LI><a href="#[1e1]">&gt;&gt;</a>&nbsp;&nbsp;&nbsp;_printf
<LI><a href="#[1ef]">&gt;&gt;</a>&nbsp;&nbsp;&nbsp;_sw_endian
<LI><a href="#[24d]">&gt;&gt;</a>&nbsp;&nbsp;&nbsp;RK_printf
</UL>
<BR>[Address Reference Count : 1]<UL><LI> tr9_agree.o(.constdata)
</UL>
<P><STRONG><a name="[16b]"></a>tr9_send_temperature</STRONG> (Thumb, 2 bytes, Stack size 0 bytes, tr9_agree.o(i.tr9_send_temperature))
<BR>[Address Reference Count : 1]<UL><LI> tr9_agree.o(.constdata)
</UL>
<P><STRONG><a name="[170]"></a>tr9_set_jt808_2018_para</STRONG> (Thumb, 374 bytes, Stack size 24 bytes, tr9_agree.o(i.tr9_set_jt808_2018_para))
<BR><BR>[Stack]<UL><LI>Max Depth = 1960<LI>Call Chain = tr9_set_jt808_2018_para &rArr; tr9_copy_jt808_to_mcu &rArr; pack_tr9_data &rArr; get_check_xor &rArr; _printf &rArr; __c89vsprintf
</UL>
<BR>[Calls]<UL><LI><a href="#[1da]">&gt;&gt;</a>&nbsp;&nbsp;&nbsp;_memcpy
<LI><a href="#[218]">&gt;&gt;</a>&nbsp;&nbsp;&nbsp;_memset
<LI><a href="#[1ef]">&gt;&gt;</a>&nbsp;&nbsp;&nbsp;_sw_endian
<LI><a href="#[4ba]">&gt;&gt;</a>&nbsp;&nbsp;&nbsp;tr9_copy_jt808_to_mcu
</UL>
<BR>[Address Reference Count : 1]<UL><LI> tr9_agree.o(.constdata)
</UL>
<P><STRONG><a name="[17c]"></a>tr9_set_limit_speed</STRONG> (Thumb, 18 bytes, Stack size 0 bytes, tr9_agree.o(i.tr9_set_limit_speed))
<BR><BR>[Stack]<UL><LI>Max Depth = 1608<LI>Call Chain = tr9_set_limit_speed &rArr; pack_tr9_data &rArr; get_check_xor &rArr; _printf &rArr; __c89vsprintf
</UL>
<BR>[Calls]<UL><LI><a href="#[1e4]">&gt;&gt;</a>&nbsp;&nbsp;&nbsp;pack_tr9_data
</UL>
<BR>[Address Reference Count : 1]<UL><LI> tr9_agree.o(.constdata)
</UL>
<P><STRONG><a name="[169]"></a>tr9_set_server_para</STRONG> (Thumb, 12 bytes, Stack size 0 bytes, tr9_agree.o(i.tr9_set_server_para))
<BR><BR>[Stack]<UL><LI>Max Depth = 1608<LI>Call Chain = tr9_set_server_para &rArr; pack_tr9_data &rArr; get_check_xor &rArr; _printf &rArr; __c89vsprintf
</UL>
<BR>[Calls]<UL><LI><a href="#[1e4]">&gt;&gt;</a>&nbsp;&nbsp;&nbsp;pack_tr9_data
</UL>
<BR>[Address Reference Count : 1]<UL><LI> tr9_agree.o(.constdata)
</UL>
<P><STRONG><a name="[16a]"></a>tr9_set_sim_id</STRONG> (Thumb, 12 bytes, Stack size 0 bytes, tr9_agree.o(i.tr9_set_sim_id))
<BR><BR>[Stack]<UL><LI>Max Depth = 1608<LI>Call Chain = tr9_set_sim_id &rArr; pack_tr9_data &rArr; get_check_xor &rArr; _printf &rArr; __c89vsprintf
</UL>
<BR>[Calls]<UL><LI><a href="#[1e4]">&gt;&gt;</a>&nbsp;&nbsp;&nbsp;pack_tr9_data
</UL>
<BR>[Address Reference Count : 1]<UL><LI> tr9_agree.o(.constdata)
</UL>
<P><STRONG><a name="[17b]"></a>tr9_set_sleep_rpt_time</STRONG> (Thumb, 44 bytes, Stack size 8 bytes, tr9_agree.o(i.tr9_set_sleep_rpt_time))
<BR><BR>[Stack]<UL><LI>Max Depth = 1120<LI>Call Chain = tr9_set_sleep_rpt_time &rArr; flash_write_normal_parameters &rArr; spi2_flash_write_normal_parameters &rArr; add_struct_crc &rArr; _printf &rArr; __c89vsprintf
</UL>
<BR>[Calls]<UL><LI><a href="#[1e1]">&gt;&gt;</a>&nbsp;&nbsp;&nbsp;_printf
<LI><a href="#[2bc]">&gt;&gt;</a>&nbsp;&nbsp;&nbsp;flash_write_normal_parameters
<LI><a href="#[1ef]">&gt;&gt;</a>&nbsp;&nbsp;&nbsp;_sw_endian
<LI><a href="#[24d]">&gt;&gt;</a>&nbsp;&nbsp;&nbsp;RK_printf
</UL>
<BR>[Address Reference Count : 1]<UL><LI> tr9_agree.o(.constdata)
</UL>
<P><STRONG><a name="[17e]"></a>tr9_set_text_sms</STRONG> (Thumb, 326 bytes, Stack size 336 bytes, tr9_agree.o(i.tr9_set_text_sms))
<BR><BR>[Stack]<UL><LI>Max Depth = 1944<LI>Call Chain = tr9_set_text_sms &rArr; pack_tr9_data &rArr; get_check_xor &rArr; _printf &rArr; __c89vsprintf
</UL>
<BR>[Calls]<UL><LI><a href="#[1fa]">&gt;&gt;</a>&nbsp;&nbsp;&nbsp;GPIO_SetBits
<LI><a href="#[1f8]">&gt;&gt;</a>&nbsp;&nbsp;&nbsp;GPIO_ResetBits
<LI><a href="#[1e4]">&gt;&gt;</a>&nbsp;&nbsp;&nbsp;pack_tr9_data
<LI><a href="#[2bc]">&gt;&gt;</a>&nbsp;&nbsp;&nbsp;flash_write_normal_parameters
<LI><a href="#[300]">&gt;&gt;</a>&nbsp;&nbsp;&nbsp;_strncmp
<LI><a href="#[3f2]">&gt;&gt;</a>&nbsp;&nbsp;&nbsp;khd_set_card_message
<LI><a href="#[346]">&gt;&gt;</a>&nbsp;&nbsp;&nbsp;get_ztc_status_to_center
<LI><a href="#[2b0]">&gt;&gt;</a>&nbsp;&nbsp;&nbsp;__aeabi_memclr4
<LI><a href="#[1a5]">&gt;&gt;</a>&nbsp;&nbsp;&nbsp;atoi
</UL>
<BR>[Address Reference Count : 1]<UL><LI> tr9_agree.o(.constdata)
</UL>
<P><STRONG><a name="[178]"></a>tr9_tele_power_ctrl</STRONG> (Thumb, 60 bytes, Stack size 16 bytes, tr9_agree.o(i.tr9_tele_power_ctrl))
<BR><BR>[Stack]<UL><LI>Max Depth = 584<LI>Call Chain = tr9_tele_power_ctrl &rArr; RK_printf &rArr; _printf &rArr; __c89vsprintf
</UL>
<BR>[Calls]<UL><LI><a href="#[1fa]">&gt;&gt;</a>&nbsp;&nbsp;&nbsp;GPIO_SetBits
<LI><a href="#[1f8]">&gt;&gt;</a>&nbsp;&nbsp;&nbsp;GPIO_ResetBits
<LI><a href="#[24d]">&gt;&gt;</a>&nbsp;&nbsp;&nbsp;RK_printf
</UL>
<BR>[Address Reference Count : 1]<UL><LI> tr9_agree.o(.constdata)
</UL>
<P><STRONG><a name="[16d]"></a>tr9_trans_t808_data</STRONG> (Thumb, 2 bytes, Stack size 0 bytes, tr9_agree.o(i.tr9_trans_t808_data))
<BR>[Address Reference Count : 1]<UL><LI> tr9_agree.o(.constdata)
</UL>
<P><STRONG><a name="[173]"></a>tr9_tts_data</STRONG> (Thumb, 2 bytes, Stack size 0 bytes, tr9_agree.o(i.tr9_tts_data))
<BR>[Address Reference Count : 1]<UL><LI> tr9_agree.o(.constdata)
</UL>
<P><STRONG><a name="[179]"></a>tr9_tts_power_ctrl</STRONG> (Thumb, 60 bytes, Stack size 16 bytes, tr9_agree.o(i.tr9_tts_power_ctrl))
<BR><BR>[Stack]<UL><LI>Max Depth = 584<LI>Call Chain = tr9_tts_power_ctrl &rArr; RK_printf &rArr; _printf &rArr; __c89vsprintf
</UL>
<BR>[Calls]<UL><LI><a href="#[1fa]">&gt;&gt;</a>&nbsp;&nbsp;&nbsp;GPIO_SetBits
<LI><a href="#[1f8]">&gt;&gt;</a>&nbsp;&nbsp;&nbsp;GPIO_ResetBits
<LI><a href="#[24d]">&gt;&gt;</a>&nbsp;&nbsp;&nbsp;RK_printf
</UL>
<BR>[Address Reference Count : 1]<UL><LI> tr9_agree.o(.constdata)
</UL>
<P><STRONG><a name="[17f]"></a>tr9_update_font_lib</STRONG> (Thumb, 2 bytes, Stack size 0 bytes, tr9_agree.o(i.tr9_update_font_lib))
<BR>[Address Reference Count : 1]<UL><LI> tr9_agree.o(.constdata)
</UL>
<P><STRONG><a name="[171]"></a>tr9_update_sd_data</STRONG> (Thumb, 130 bytes, Stack size 32 bytes, tr9_agree.o(i.tr9_update_sd_data))
<BR><BR>[Stack]<UL><LI>Max Depth = 3128<LI>Call Chain = tr9_update_sd_data &rArr; update_tf_main &rArr; _printf_tr9 &rArr; __c89vsprintf
</UL>
<BR>[Calls]<UL><LI><a href="#[1e1]">&gt;&gt;</a>&nbsp;&nbsp;&nbsp;_printf
<LI><a href="#[218]">&gt;&gt;</a>&nbsp;&nbsp;&nbsp;_memset
<LI><a href="#[1e4]">&gt;&gt;</a>&nbsp;&nbsp;&nbsp;pack_tr9_data
<LI><a href="#[4be]">&gt;&gt;</a>&nbsp;&nbsp;&nbsp;update_tf_main
</UL>
<BR>[Address Reference Count : 1]<UL><LI> tr9_agree.o(.constdata)
</UL>
<P><STRONG><a name="[167]"></a>tr9_video_status</STRONG> (Thumb, 32 bytes, Stack size 16 bytes, tr9_agree.o(i.tr9_video_status))
<BR><BR>[Stack]<UL><LI>Max Depth = 584<LI>Call Chain = tr9_video_status &rArr; RK_printf &rArr; _printf &rArr; __c89vsprintf
</UL>
<BR>[Calls]<UL><LI><a href="#[1da]">&gt;&gt;</a>&nbsp;&nbsp;&nbsp;_memcpy
<LI><a href="#[24d]">&gt;&gt;</a>&nbsp;&nbsp;&nbsp;RK_printf
</UL>
<BR>[Address Reference Count : 1]<UL><LI> tr9_agree.o(.constdata)
</UL>
<P><STRONG><a name="[391]"></a>ic4442_end</STRONG> (Thumb, 56 bytes, Stack size 8 bytes, ic4442_driver.o(i.ic4442_end))
<BR><BR>[Stack]<UL><LI>Max Depth = 8<LI>Call Chain = ic4442_end
</UL>
<BR>[Called By]<UL><LI><a href="#[38c]">&gt;&gt;</a>&nbsp;&nbsp;&nbsp;ic4442_send_command
</UL>

<P><STRONG><a name="[38d]"></a>ic4442_rec_byte</STRONG> (Thumb, 56 bytes, Stack size 24 bytes, ic4442_driver.o(i.ic4442_rec_byte))
<BR><BR>[Stack]<UL><LI>Max Depth = 32<LI>Call Chain = ic4442_rec_byte &rArr; send_one_clk
</UL>
<BR>[Calls]<UL><LI><a href="#[38e]">&gt;&gt;</a>&nbsp;&nbsp;&nbsp;send_one_clk
</UL>
<BR>[Called By]<UL><LI><a href="#[38b]">&gt;&gt;</a>&nbsp;&nbsp;&nbsp;ic4442_read_data
</UL>

<P><STRONG><a name="[38a]"></a>ic4442_reset</STRONG> (Thumb, 82 bytes, Stack size 24 bytes, ic4442_driver.o(i.ic4442_reset))
<BR><BR>[Stack]<UL><LI>Max Depth = 32<LI>Call Chain = ic4442_reset &rArr; send_one_clk
</UL>
<BR>[Calls]<UL><LI><a href="#[38e]">&gt;&gt;</a>&nbsp;&nbsp;&nbsp;send_one_clk
</UL>
<BR>[Called By]<UL><LI><a href="#[389]">&gt;&gt;</a>&nbsp;&nbsp;&nbsp;ic4442_init
</UL>

<P><STRONG><a name="[390]"></a>ic4442_send_byte</STRONG> (Thumb, 88 bytes, Stack size 24 bytes, ic4442_driver.o(i.ic4442_send_byte))
<BR><BR>[Stack]<UL><LI>Max Depth = 24<LI>Call Chain = ic4442_send_byte
</UL>
<BR>[Called By]<UL><LI><a href="#[38c]">&gt;&gt;</a>&nbsp;&nbsp;&nbsp;ic4442_send_command
</UL>

<P><STRONG><a name="[38c]"></a>ic4442_send_command</STRONG> (Thumb, 38 bytes, Stack size 16 bytes, ic4442_driver.o(i.ic4442_send_command))
<BR><BR>[Stack]<UL><LI>Max Depth = 40<LI>Call Chain = ic4442_send_command &rArr; ic4442_send_byte
</UL>
<BR>[Calls]<UL><LI><a href="#[38f]">&gt;&gt;</a>&nbsp;&nbsp;&nbsp;ic4442_start
<LI><a href="#[390]">&gt;&gt;</a>&nbsp;&nbsp;&nbsp;ic4442_send_byte
<LI><a href="#[391]">&gt;&gt;</a>&nbsp;&nbsp;&nbsp;ic4442_end
</UL>
<BR>[Called By]<UL><LI><a href="#[323]">&gt;&gt;</a>&nbsp;&nbsp;&nbsp;ic4442_write_data
<LI><a href="#[38b]">&gt;&gt;</a>&nbsp;&nbsp;&nbsp;ic4442_read_data
<LI><a href="#[392]">&gt;&gt;</a>&nbsp;&nbsp;&nbsp;ic4442_unlock
</UL>

<P><STRONG><a name="[38f]"></a>ic4442_start</STRONG> (Thumb, 56 bytes, Stack size 8 bytes, ic4442_driver.o(i.ic4442_start))
<BR><BR>[Stack]<UL><LI>Max Depth = 8<LI>Call Chain = ic4442_start
</UL>
<BR>[Called By]<UL><LI><a href="#[38c]">&gt;&gt;</a>&nbsp;&nbsp;&nbsp;ic4442_send_command
</UL>

<P><STRONG><a name="[392]"></a>ic4442_unlock</STRONG> (Thumb, 126 bytes, Stack size 24 bytes, ic4442_driver.o(i.ic4442_unlock))
<BR><BR>[Stack]<UL><LI>Max Depth = 80<LI>Call Chain = ic4442_unlock &rArr; ic4442_read_data &rArr; ic4442_send_command &rArr; ic4442_send_byte
</UL>
<BR>[Calls]<UL><LI><a href="#[38b]">&gt;&gt;</a>&nbsp;&nbsp;&nbsp;ic4442_read_data
<LI><a href="#[393]">&gt;&gt;</a>&nbsp;&nbsp;&nbsp;ic4442_wait_busy
<LI><a href="#[38c]">&gt;&gt;</a>&nbsp;&nbsp;&nbsp;ic4442_send_command
</UL>
<BR>[Called By]<UL><LI><a href="#[323]">&gt;&gt;</a>&nbsp;&nbsp;&nbsp;ic4442_write_data
</UL>

<P><STRONG><a name="[393]"></a>ic4442_wait_busy</STRONG> (Thumb, 42 bytes, Stack size 16 bytes, ic4442_driver.o(i.ic4442_wait_busy))
<BR><BR>[Stack]<UL><LI>Max Depth = 24<LI>Call Chain = ic4442_wait_busy &rArr; send_one_clk
</UL>
<BR>[Calls]<UL><LI><a href="#[38e]">&gt;&gt;</a>&nbsp;&nbsp;&nbsp;send_one_clk
</UL>
<BR>[Called By]<UL><LI><a href="#[323]">&gt;&gt;</a>&nbsp;&nbsp;&nbsp;ic4442_write_data
<LI><a href="#[392]">&gt;&gt;</a>&nbsp;&nbsp;&nbsp;ic4442_unlock
</UL>

<P><STRONG><a name="[38e]"></a>send_one_clk</STRONG> (Thumb, 32 bytes, Stack size 8 bytes, ic4442_driver.o(i.send_one_clk))
<BR><BR>[Stack]<UL><LI>Max Depth = 8<LI>Call Chain = send_one_clk
</UL>
<BR>[Called By]<UL><LI><a href="#[393]">&gt;&gt;</a>&nbsp;&nbsp;&nbsp;ic4442_wait_busy
<LI><a href="#[38a]">&gt;&gt;</a>&nbsp;&nbsp;&nbsp;ic4442_reset
<LI><a href="#[38d]">&gt;&gt;</a>&nbsp;&nbsp;&nbsp;ic4442_rec_byte
</UL>

<P><STRONG><a name="[28a]"></a>_printf_core</STRONG> (Thumb, 748 bytes, Stack size 96 bytes, printf6.o(i._printf_core), UNUSED)
<BR><BR>[Calls]<UL><LI><a href="#[295]">&gt;&gt;</a>&nbsp;&nbsp;&nbsp;__aeabi_uidivmod
<LI><a href="#[294]">&gt;&gt;</a>&nbsp;&nbsp;&nbsp;_printf_pre_padding
<LI><a href="#[296]">&gt;&gt;</a>&nbsp;&nbsp;&nbsp;_printf_post_padding
</UL>
<BR>[Called By]<UL><LI><a href="#[289]">&gt;&gt;</a>&nbsp;&nbsp;&nbsp;__0sprintf$6
</UL>

<P><STRONG><a name="[296]"></a>_printf_post_padding</STRONG> (Thumb, 36 bytes, Stack size 24 bytes, printf6.o(i._printf_post_padding), UNUSED)
<BR><BR>[Called By]<UL><LI><a href="#[28a]">&gt;&gt;</a>&nbsp;&nbsp;&nbsp;_printf_core
</UL>

<P><STRONG><a name="[294]"></a>_printf_pre_padding</STRONG> (Thumb, 46 bytes, Stack size 24 bytes, printf6.o(i._printf_pre_padding), UNUSED)
<BR><BR>[Called By]<UL><LI><a href="#[28a]">&gt;&gt;</a>&nbsp;&nbsp;&nbsp;_printf_core
</UL>

<P><STRONG><a name="[7b]"></a>_sputc</STRONG> (Thumb, 10 bytes, Stack size 0 bytes, printf6.o(i._sputc))
<BR><BR>[Called By]<UL><LI><a href="#[289]">&gt;&gt;</a>&nbsp;&nbsp;&nbsp;__0sprintf$6
</UL>
<BR>[Address Reference Count : 1]<UL><LI> printf6.o(i.__0sprintf$6)
</UL>
<P><STRONG><a name="[291]"></a>_fp_digits</STRONG> (Thumb, 366 bytes, Stack size 64 bytes, printfa.o(i._fp_digits), UNUSED)
<BR><BR>[Calls]<UL><LI><a href="#[1b2]">&gt;&gt;</a>&nbsp;&nbsp;&nbsp;__aeabi_dmul
<LI><a href="#[292]">&gt;&gt;</a>&nbsp;&nbsp;&nbsp;__aeabi_cdrcmple
<LI><a href="#[1b3]">&gt;&gt;</a>&nbsp;&nbsp;&nbsp;__aeabi_ddiv
<LI><a href="#[1ab]">&gt;&gt;</a>&nbsp;&nbsp;&nbsp;__aeabi_dadd
<LI><a href="#[1bc]">&gt;&gt;</a>&nbsp;&nbsp;&nbsp;__aeabi_uldivmod
<LI><a href="#[1c4]">&gt;&gt;</a>&nbsp;&nbsp;&nbsp;__aeabi_d2ulz
</UL>
<BR>[Called By]<UL><LI><a href="#[28c]">&gt;&gt;</a>&nbsp;&nbsp;&nbsp;_printf_core
</UL>

<P><STRONG><a name="[28c]"></a>_printf_core</STRONG> (Thumb, 1704 bytes, Stack size 136 bytes, printfa.o(i._printf_core), UNUSED)
<BR><BR>[Calls]<UL><LI><a href="#[1bc]">&gt;&gt;</a>&nbsp;&nbsp;&nbsp;__aeabi_uldivmod
<LI><a href="#[295]">&gt;&gt;</a>&nbsp;&nbsp;&nbsp;__aeabi_uidivmod
<LI><a href="#[297]">&gt;&gt;</a>&nbsp;&nbsp;&nbsp;_printf_pre_padding
<LI><a href="#[298]">&gt;&gt;</a>&nbsp;&nbsp;&nbsp;_printf_post_padding
<LI><a href="#[291]">&gt;&gt;</a>&nbsp;&nbsp;&nbsp;_fp_digits
</UL>
<BR>[Called By]<UL><LI><a href="#[28b]">&gt;&gt;</a>&nbsp;&nbsp;&nbsp;__0vsprintf
</UL>

<P><STRONG><a name="[298]"></a>_printf_post_padding</STRONG> (Thumb, 36 bytes, Stack size 24 bytes, printfa.o(i._printf_post_padding), UNUSED)
<BR><BR>[Called By]<UL><LI><a href="#[28c]">&gt;&gt;</a>&nbsp;&nbsp;&nbsp;_printf_core
</UL>

<P><STRONG><a name="[297]"></a>_printf_pre_padding</STRONG> (Thumb, 46 bytes, Stack size 24 bytes, printfa.o(i._printf_pre_padding), UNUSED)
<BR><BR>[Called By]<UL><LI><a href="#[28c]">&gt;&gt;</a>&nbsp;&nbsp;&nbsp;_printf_core
</UL>

<P><STRONG><a name="[7c]"></a>_sputc</STRONG> (Thumb, 10 bytes, Stack size 0 bytes, printfa.o(i._sputc))
<BR><BR>[Called By]<UL><LI><a href="#[28b]">&gt;&gt;</a>&nbsp;&nbsp;&nbsp;__0vsprintf
</UL>
<BR>[Address Reference Count : 1]<UL><LI> printfa.o(i.__0vsprintf)
</UL>
<P><STRONG><a name="[79]"></a>_scanf_char_input</STRONG> (Thumb, 12 bytes, Stack size 0 bytes, scanf_char.o(.text))
<BR>[Address Reference Count : 1]<UL><LI> scanf_char.o(.text)
</UL>
<P><STRONG><a name="[1be]"></a>_local_sscanf</STRONG> (Thumb, 54 bytes, Stack size 56 bytes, strtod.o(.text))
<BR><BR>[Stack]<UL><LI>Max Depth = 160<LI>Call Chain = _local_sscanf &rArr; _scanf_real
</UL>
<BR>[Calls]<UL><LI><a href="#[1bf]">&gt;&gt;</a>&nbsp;&nbsp;&nbsp;_scanf_real
</UL>
<BR>[Called By]<UL><LI><a href="#[1c0]">&gt;&gt;</a>&nbsp;&nbsp;&nbsp;__strtod_int
</UL>

<P><STRONG><a name="[1c7]"></a>_fp_value</STRONG> (Thumb, 296 bytes, Stack size 64 bytes, scanf_fp.o(.text), UNUSED)
<BR><BR>[Calls]<UL><LI><a href="#[1b2]">&gt;&gt;</a>&nbsp;&nbsp;&nbsp;__aeabi_dmul
<LI><a href="#[1b3]">&gt;&gt;</a>&nbsp;&nbsp;&nbsp;__aeabi_ddiv
<LI><a href="#[1c8]">&gt;&gt;</a>&nbsp;&nbsp;&nbsp;__aeabi_ul2d
</UL>
<BR>[Called By]<UL><LI><a href="#[1c9]">&gt;&gt;</a>&nbsp;&nbsp;&nbsp;_scanf_really_real
</UL>
<P>
<H3>
Undefined Global Symbols
</H3><HR></body></html>
